Archive member included to satisfy reference by file (symbol)

/home/peeradech/SJSU-Dev2/library/static_libraries/lpc40xx/liblpc40xx.a(exceptions.cpp.o)
                              (ArmResetHandler)
/home/peeradech/SJSU-Dev2/library/static_libraries/lpc40xx/libfreertos.a(event_groups.c.o)
                              build/application/lpc40xx/compiled//home/peeradech/SJSU-Dev2/library/L3_Application/task_scheduler.cpp.o (xEventGroupCreateStatic)
/home/peeradech/SJSU-Dev2/library/static_libraries/lpc40xx/libfreertos.a(list.c.o)
                              /home/peeradech/SJSU-Dev2/library/static_libraries/lpc40xx/libfreertos.a(event_groups.c.o) (vListInitialise)
/home/peeradech/SJSU-Dev2/library/static_libraries/lpc40xx/libfreertos.a(tasks.c.o)
                              build/application/lpc40xx/compiled//home/peeradech/SJSU-Dev2/library/L3_Application/task_scheduler.cpp.o (xTaskCreateStatic)
/home/peeradech/SJSU-Dev2/library/static_libraries/lpc40xx/libfreertos.a(heap_3.c.o)
                              /home/peeradech/SJSU-Dev2/library/static_libraries/lpc40xx/libfreertos.a(event_groups.c.o) (pvPortMalloc)
/home/peeradech/SJSU-Dev2/library/static_libraries/lpc40xx/libnewlib.a(newlib.cpp.o)
                              build/application/lpc40xx/compiled//home/peeradech/SJSU-Dev2/library/L3_Application/task_scheduler.cpp.o (puts)
/home/peeradech/SJSU-Dev2/library/static_libraries/lpc40xx/libprintf.a(printf.cpp.o)
                              build/application/lpc40xx/compiled/source/main.cpp.o (printf)
/home/peeradech/SJSU-Dev2/library/static_libraries/lpc40xx/liblpc40xx.a(startup.cpp.o)
                              /home/peeradech/SJSU-Dev2/library/static_libraries/lpc40xx/libfreertos.a(tasks.c.o) (ThreadRuntimeCounter)
/home/peeradech/SJSU-Dev2/library/static_libraries/lpc40xx/liblpc40xx.a(port.c.o)
                              /home/peeradech/SJSU-Dev2/library/static_libraries/lpc40xx/libfreertos.a(tasks.c.o) (pxPortInitialiseStack)
/home/peeradech/SJSU-Dev2/library/static_libraries/lpc40xx/libfreertoscommon.a(freertos_common.cpp.o)
                              /home/peeradech/SJSU-Dev2/library/static_libraries/lpc40xx/libfreertos.a(tasks.c.o) (vApplicationGetIdleTaskMemory)
/home/peeradech/SJSU-Dev2/library/static_libraries/lpc40xx/libfreertos.a(timers.c.o)
                              /home/peeradech/SJSU-Dev2/library/static_libraries/lpc40xx/libfreertos.a(tasks.c.o) (xTimerCreateTimerTask)
/home/peeradech/SJSU-Dev2/library/static_libraries/lpc40xx/libfreertos.a(queue.c.o)
                              /home/peeradech/SJSU-Dev2/library/static_libraries/lpc40xx/libfreertos.a(timers.c.o) (xQueueGenericCreateStatic)
/home/peeradech/SJSU-Dev2/library/static_libraries/lpc40xx/libnewlib.a(stdio.cpp.o)
                              /home/peeradech/SJSU-Dev2/library/static_libraries/lpc40xx/libnewlib.a(newlib.cpp.o) (sjsu::newlib::DoNothingStdOut(char const*, unsigned int))
/home/peeradech/SJSU-Dev2/tools/gcc-arm-none-eabi-7-2017-q4-major/bin/../lib/gcc/arm-none-eabi/7.2.1/../../../../arm-none-eabi/lib/thumb/v7e-m/fpv4-sp/hard/libstdc++_nano.a(pure.o)
                              /home/peeradech/SJSU-Dev2/library/static_libraries/lpc40xx/liblpc40xx.a(startup.cpp.o) (__cxa_pure_virtual)
/home/peeradech/SJSU-Dev2/tools/gcc-arm-none-eabi-7-2017-q4-major/bin/../lib/gcc/arm-none-eabi/7.2.1/../../../../arm-none-eabi/lib/thumb/v7e-m/fpv4-sp/hard/libstdc++_nano.a(eh_terminate.o)
                              /home/peeradech/SJSU-Dev2/tools/gcc-arm-none-eabi-7-2017-q4-major/bin/../lib/gcc/arm-none-eabi/7.2.1/../../../../arm-none-eabi/lib/thumb/v7e-m/fpv4-sp/hard/libstdc++_nano.a(pure.o) (std::terminate())
/home/peeradech/SJSU-Dev2/tools/gcc-arm-none-eabi-7-2017-q4-major/bin/../lib/gcc/arm-none-eabi/7.2.1/../../../../arm-none-eabi/lib/thumb/v7e-m/fpv4-sp/hard/libstdc++_nano.a(eh_term_handler.o)
                              /home/peeradech/SJSU-Dev2/tools/gcc-arm-none-eabi-7-2017-q4-major/bin/../lib/gcc/arm-none-eabi/7.2.1/../../../../arm-none-eabi/lib/thumb/v7e-m/fpv4-sp/hard/libstdc++_nano.a(eh_terminate.o) (__cxxabiv1::__terminate_handler)
/home/peeradech/SJSU-Dev2/tools/gcc-arm-none-eabi-7-2017-q4-major/bin/../lib/gcc/arm-none-eabi/7.2.1/../../../../arm-none-eabi/lib/thumb/v7e-m/fpv4-sp/hard/libstdc++_nano.a(eh_unex_handler.o)
                              /home/peeradech/SJSU-Dev2/tools/gcc-arm-none-eabi-7-2017-q4-major/bin/../lib/gcc/arm-none-eabi/7.2.1/../../../../arm-none-eabi/lib/thumb/v7e-m/fpv4-sp/hard/libstdc++_nano.a(eh_terminate.o) (__cxxabiv1::__unexpected_handler)
/home/peeradech/SJSU-Dev2/tools/gcc-arm-none-eabi-7-2017-q4-major/bin/../lib/gcc/arm-none-eabi/7.2.1/thumb/v7e-m/fpv4-sp/hard/libgcc.a(_arm_truncdfsf2.o)
                              /home/peeradech/SJSU-Dev2/library/static_libraries/lpc40xx/libprintf.a(printf.cpp.o) (__aeabi_d2f)
[...]
Memory Configuration

Name             Origin             Length             Attributes
MFlash512        0x0000000000000000 0x0000000000080000 xr
RamLoc64         0x0000000010000000 0x0000000000010000 xrw
RamPeriph32      0x0000000020000000 0x0000000000008000 xrw
*default*        0x0000000000000000 0xffffffffffffffff

Linker script and memory map

LOAD /home/peeradech/SJSU-Dev2/tools/gcc-arm-none-eabi-7-2017-q4-major/bin/../lib/gcc/arm-none-eabi/7.2.1/thumb/v7e-m/fpv4-sp/hard/crti.o
LOAD /home/peeradech/SJSU-Dev2/tools/gcc-arm-none-eabi-7-2017-q4-major/bin/../lib/gcc/arm-none-eabi/7.2.1/thumb/v7e-m/fpv4-sp/hard/crtbegin.o
LOAD /home/peeradech/SJSU-Dev2/tools/gcc-arm-none-eabi-7-2017-q4-major/bin/../lib/gcc/arm-none-eabi/7.2.1/../../../../arm-none-eabi/lib/thumb/v7e-m/fpv4-sp/hard/crt0.o
LOAD build/application/lpc40xx/compiled/source/main.cpp.o
LOAD build/application/lpc40xx/compiled//home/peeradech/SJSU-Dev2/library/L3_Application/task_scheduler.cpp.o
LOAD build/application/lpc40xx/compiled/libsjsudev2.a
LOAD /home/peeradech/SJSU-Dev2/tools/gcc-arm-none-eabi-7-2017-q4-major/bin/../lib/gcc/arm-none-eabi/7.2.1/../../../../arm-none-eabi/lib/thumb/v7e-m/fpv4-sp/hard/libstdc++_nano.a
LOAD /home/peeradech/SJSU-Dev2/tools/gcc-arm-none-eabi-7-2017-q4-major/bin/../lib/gcc/arm-none-eabi/7.2.1/../../../../arm-none-eabi/lib/thumb/v7e-m/fpv4-sp/hard/libm.a
START GROUP
LOAD /home/peeradech/SJSU-Dev2/tools/gcc-arm-none-eabi-7-2017-q4-major/bin/../lib/gcc/arm-none-eabi/7.2.1/thumb/v7e-m/fpv4-sp/hard/libgcc.a
LOAD /home/peeradech/SJSU-Dev2/tools/gcc-arm-none-eabi-7-2017-q4-major/bin/../lib/gcc/arm-none-eabi/7.2.1/../../../../arm-none-eabi/lib/thumb/v7e-m/fpv4-sp/hard/libg_nano.a
LOAD /home/peeradech/SJSU-Dev2/tools/gcc-arm-none-eabi-7-2017-q4-major/bin/../lib/gcc/arm-none-eabi/7.2.1/../../../../arm-none-eabi/lib/thumb/v7e-m/fpv4-sp/hard/libc_nano.a
END GROUP
START GROUP
LOAD /home/peeradech/SJSU-Dev2/tools/gcc-arm-none-eabi-7-2017-q4-major/bin/../lib/gcc/arm-none-eabi/7.2.1/thumb/v7e-m/fpv4-sp/hard/libgcc.a
LOAD /home/peeradech/SJSU-Dev2/tools/gcc-arm-none-eabi-7-2017-q4-major/bin/../lib/gcc/arm-none-eabi/7.2.1/../../../../arm-none-eabi/lib/thumb/v7e-m/fpv4-sp/hard/libc_nano.a
END GROUP
LOAD /home/peeradech/SJSU-Dev2/tools/gcc-arm-none-eabi-7-2017-q4-major/bin/../lib/gcc/arm-none-eabi/7.2.1/thumb/v7e-m/fpv4-sp/hard/crtend.o
LOAD /home/peeradech/SJSU-Dev2/tools/gcc-arm-none-eabi-7-2017-q4-major/bin/../lib/gcc/arm-none-eabi/7.2.1/thumb/v7e-m/fpv4-sp/hard/crtn.o
                0x0000000000000000                __base_MFlash512 = 0x0
                0x0000000000000000                __base_Flash = 0x0
                0x0000000000080000                __top_MFlash512 = 0x80000
                0x0000000000080000                __top_Flash = 0x80000
                0x0000000010000000                __base_RamLoc64 = 0x10000000
                0x0000000010000000                __base_RAM = 0x10000000
                0x0000000010010000                __top_RamLoc64 = 0x10010000
                0x0000000010010000                __top_RAM = 0x10010000
                0x0000000020000000                __base_RamPeriph32 = 0x20000000
                0x0000000020000000                __base_RAM2 = 0x20000000
                0x0000000020008000                __top_RamPeriph32 = 0x20008000
                0x0000000020008000                __top_RAM2 = 0x20008000
                0x0000000020000000                __user_heap_base = __base_RAM2

.text           0x0000000000000000     0x7438
 FILL mask 0xff
                0x0000000000000000                __vectors_start__ = ABSOLUTE (.)
 *(.isr_vector)
 .isr_vector    0x0000000000000000       0xe4 /home/peeradech/SJSU-Dev2/library/static_libraries/lpc40xx/liblpc40xx.a(startup.cpp.o)
                0x00000000000000e4                . = ALIGN (0x4)
                0x00000000000000e4                section_table_start = .
                0x00000000000000e4                data_section_table = .
                0x00000000000000e4        0x4 LONG 0x7508 LOADADDR (.data)
                0x00000000000000e8        0x4 LONG 0x10000000 ADDR (.data)
                0x00000000000000ec        0x4 LONG 0xd0 SIZEOF (.data)
                0x00000000000000f0        0x4 LONG 0x7508 LOADADDR (.data_RAM2)
                0x00000000000000f4        0x4 LONG 0x20000000 ADDR (.data_RAM2)
                0x00000000000000f8        0x4 LONG 0x0 SIZEOF (.data_RAM2)
                0x00000000000000fc                data_section_table_end = .
                0x00000000000000fc                bss_section_table = .
                0x00000000000000fc        0x4 LONG 0x100000d0 ADDR (.bss)
                0x0000000000000100        0x4 LONG 0x344 SIZEOF (.bss)
                0x0000000000000104        0x4 LONG 0x20000000 ADDR (.bss_RAM2)
                0x0000000000000108        0x4 LONG 0x0 SIZEOF (.bss_RAM2)
                0x000000000000010c                bss_section_table_end = .
                0x000000000000010c                section_table_end = .
 *(.after_vectors*)
                0x00000000000002fc                . = 0x2fc
 *fill*         0x000000000000010c      0x1f0 ff
                0x00000000000002fc                PROVIDE (__CRP_WORD_START__, .)
 *(.crp)
 .crp           0x00000000000002fc        0x4 /home/peeradech/SJSU-Dev2/library/static_libraries/lpc40xx/liblpc40xx.a(startup.cpp.o)
                0x0000000000000300                PROVIDE (__CRP_WORD_END__, .)
                0x0000000000000001                ASSERT (! ((__CRP_WORD_START__ == __CRP_WORD_END__)), Linker CRP Enabled, but no CRP_WORD provided within application)
                0x0000000000000300                . = ALIGN (0x4)
 *(.init)
 .init          0x0000000000000300        0x4 /home/peeradech/SJSU-Dev2/tools/gcc-arm-none-eabi-7-2017-q4-major/bin/../lib/gcc/arm-none-eabi/7.2.1/thumb/v7e-m/fpv4-sp/hard/crti.o
                0x0000000000000300                _init
 .init          0x0000000000000304        0x8 /home/peeradech/SJSU-Dev2/tools/gcc-arm-none-eabi-7-2017-q4-major/bin/../lib/gcc/arm-none-eabi/7.2.1/thumb/v7e-m/fpv4-sp/hard/crtn.o
                0x000000000000030c                . = ALIGN (0x4)
                0x000000000000030c                __preinit_array_start = .
 *(.preinit_array)
                0x000000000000030c                __preinit_array_end = .
                0x000000000000030c                . = ALIGN (0x4)
                0x000000000000030c                __init_array_start = .
 *(SORT_BY_NAME(.init_array.*))
 *(.init_array)
 .init_array    0x000000000000030c        0x4 /home/peeradech/SJSU-Dev2/tools/gcc-arm-none-eabi-7-2017-q4-major/bin/../lib/gcc/arm-none-eabi/7.2.1/thumb/v7e-m/fpv4-sp/hard/crtbegin.o
 .init_array    0x0000000000000310        0x4 build/application/lpc40xx/compiled/source/main.cpp.o
 .init_array    0x0000000000000314        0x4 /home/peeradech/SJSU-Dev2/library/static_libraries/lpc40xx/liblpc40xx.a(exceptions.cpp.o)
 .init_array    0x0000000000000318        0x4 /home/peeradech/SJSU-Dev2/library/static_libraries/lpc40xx/liblpc40xx.a(startup.cpp.o)
                0x000000000000031c                __init_array_end = .
 *(.fini)
 .fini          0x000000000000031c        0x4 /home/peeradech/SJSU-Dev2/tools/gcc-arm-none-eabi-7-2017-q4-major/bin/../lib/gcc/arm-none-eabi/7.2.1/thumb/v7e-m/fpv4-sp/hard/crti.o
                0x000000000000031c                _fini
 .fini          0x0000000000000320        0x8 /home/peeradech/SJSU-Dev2/tools/gcc-arm-none-eabi-7-2017-q4-major/bin/../lib/gcc/arm-none-eabi/7.2.1/thumb/v7e-m/fpv4-sp/hard/crtn.o
                0x0000000000000328                . = ALIGN (0x4)
 *crtbegin.o(.ctors)
 *(EXCLUDE_FILE(*crtend.o) .ctors)
 *(SORT_BY_NAME(.ctors.*))
 *crtend.o(.ctors)
                0x0000000000000328                . = ALIGN (0x4)
 *crtbegin.o(.dtors)
 *(EXCLUDE_FILE(*crtend.o) .dtors)
 *(SORT_BY_NAME(.dtors.*))
 *crtend.o(.dtors)
 *(.text*)
 .text          0x0000000000000328       0x40 /home/peeradech/SJSU-Dev2/tools/gcc-arm-none-eabi-7-2017-q4-major/bin/../lib/gcc/arm-none-eabi/7.2.1/thumb/v7e-m/fpv4-sp/hard/crtbegin.o
 .text._ZNK4sjsu3Pin7GetPortEv
                0x0000000000000368       0x18 build/application/lpc40xx/compiled/source/main.cpp.o
                0x0000000000000368                sjsu::Pin::GetPort() const
 .text._ZNK4sjsu3Pin6GetPinEv
                0x0000000000000380       0x18 build/application/lpc40xx/compiled/source/main.cpp.o
                0x0000000000000380                sjsu::Pin::GetPin() const
 .text.NVIC_EnableIRQ
                0x0000000000000398       0x30 build/application/lpc40xx/compiled/source/main.cpp.o
 .text.NVIC_DisableIRQ
                0x00000000000003c8       0x30 build/application/lpc40xx/compiled/source/main.cpp.o
 .text.NVIC_SetPriority
                0x00000000000003f8       0x54 build/application/lpc40xx/compiled/source/main.cpp.o
 .text._ZNK4sjsu7lpc40xx3Pin14SetPinFunctionEh
                0x000000000000044c       0x34 build/application/lpc40xx/compiled/source/main.cpp.o
                0x000000000000044c                sjsu::lpc40xx::Pin::SetPinFunction(unsigned char) const
 .text._ZNK4sjsu7lpc40xx3Pin7SetPullENS_3Pin8ResistorE
                0x0000000000000480       0x34 build/application/lpc40xx/compiled/source/main.cpp.o
                0x0000000000000480                sjsu::lpc40xx::Pin::SetPull(sjsu::Pin::Resistor) const
 .text._ZNK4sjsu7lpc40xx3Pin15SetAsAnalogModeEb
                0x00000000000004b4       0x3c build/application/lpc40xx/compiled/source/main.cpp.o
                0x00000000000004b4                sjsu::lpc40xx::Pin::SetAsAnalogMode(bool) const
 .text._ZNK4sjsu7lpc40xx3Pin14SetAsOpenDrainEb
                0x00000000000004f0       0x34 build/application/lpc40xx/compiled/source/main.cpp.o
                0x00000000000004f0                sjsu::lpc40xx::Pin::SetAsOpenDrain(bool) const
 .text._ZNK4sjsu7lpc40xx3Pin14SetPinRegisterEhNS_3bit4MaskE
                0x0000000000000524       0x7c build/application/lpc40xx/compiled/source/main.cpp.o
                0x0000000000000524                sjsu::lpc40xx::Pin::SetPinRegister(unsigned char, sjsu::bit::Mask) const
 .text._ZNK4sjsu4Gpio7SetHighEv
                0x00000000000005a0       0x1e build/application/lpc40xx/compiled/source/main.cpp.o
                0x00000000000005a0                sjsu::Gpio::SetHigh() const
 .text._ZNK4sjsu4Gpio6SetLowEv
                0x00000000000005be       0x1e build/application/lpc40xx/compiled/source/main.cpp.o
                0x00000000000005be                sjsu::Gpio::SetLow() const
 .text._ZNK4sjsu4Gpio10SetAsInputEv
                0x00000000000005dc       0x1c build/application/lpc40xx/compiled/source/main.cpp.o
                0x00000000000005dc                sjsu::Gpio::SetAsInput() const
 .text._ZNK4sjsu4Gpio11SetAsOutputEv
                0x00000000000005f8       0x1c build/application/lpc40xx/compiled/source/main.cpp.o
                0x00000000000005f8                sjsu::Gpio::SetAsOutput() const
 .text._ZN4sjsu6cortex19InterruptController25UnregisteredArmExceptionsEv
                0x0000000000000614        0xe build/application/lpc40xx/compiled/source/main.cpp.o
                0x0000000000000614                sjsu::cortex::InterruptController::UnregisteredArmExceptions()
 *fill*         0x0000000000000622        0x2 ff
 .text._ZN4sjsu6cortex19InterruptController28UnregisteredInterruptHandlerEv
                0x0000000000000624       0x3c build/application/lpc40xx/compiled/source/main.cpp.o
                0x0000000000000624                sjsu::cortex::InterruptController::UnregisteredInterruptHandler()
 .text._ZSt4sizeIPFvvELj64EEjRAT0__KT_
                0x0000000000000660       0x16 build/application/lpc40xx/compiled/source/main.cpp.o
                0x0000000000000660                unsigned int std::size<void (*)(), 64u>(void (* const (&) [64u])())
 *fill*         0x0000000000000676        0x2 ff
 .text._ZN4sjsu6cortex19InterruptController13VectorTable_t20GenerateDefaultTableEv
                0x0000000000000678       0x74 build/application/lpc40xx/compiled/source/main.cpp.o
                0x0000000000000678                sjsu::cortex::InterruptController::VectorTable_t::GenerateDefaultTable()
 .text._ZN4sjsu6cortex19InterruptController10IrqToIndexEi
                0x00000000000006ec       0x18 build/application/lpc40xx/compiled/source/main.cpp.o
                0x00000000000006ec                sjsu::cortex::InterruptController::IrqToIndex(int)
 .text._ZN4sjsu6cortex19InterruptController9GetVectorEi
                0x0000000000000704       0x24 build/application/lpc40xx/compiled/source/main.cpp.o
                0x0000000000000704                sjsu::cortex::InterruptController::GetVector(int)
 .text._ZNK4sjsu6cortex19InterruptController8RegisterENS_19InterruptController18RegistrationInfo_tE
                0x0000000000000728       0x54 build/application/lpc40xx/compiled/source/main.cpp.o
                0x0000000000000728                sjsu::cortex::InterruptController::Register(sjsu::InterruptController::RegistrationInfo_t) const
 .text._ZNK4sjsu6cortex19InterruptController10DeregisterEi
                0x000000000000077c       0x28 build/application/lpc40xx/compiled/source/main.cpp.o
                0x000000000000077c                sjsu::cortex::InterruptController::Deregister(int) const
 .text._ZNK4sjsu7lpc40xx4Gpio12SetDirectionENS_4Gpio9DirectionE
                0x00000000000007a4       0x80 build/application/lpc40xx/compiled/source/main.cpp.o
                0x00000000000007a4                sjsu::lpc40xx::Gpio::SetDirection(sjsu::Gpio::Direction) const
 .text._ZNK4sjsu7lpc40xx4Gpio3SetENS_4Gpio5StateE
                0x0000000000000824       0x74 build/application/lpc40xx/compiled/source/main.cpp.o
                0x0000000000000824                sjsu::lpc40xx::Gpio::Set(sjsu::Gpio::State) const
 .text._ZNK4sjsu7lpc40xx4Gpio6ToggleEv
                0x0000000000000898       0x44 build/application/lpc40xx/compiled/source/main.cpp.o
                0x0000000000000898                sjsu::lpc40xx::Gpio::Toggle() const
 .text._ZNK4sjsu7lpc40xx4Gpio4ReadEv
                0x00000000000008dc       0x40 build/application/lpc40xx/compiled/source/main.cpp.o
                0x00000000000008dc                sjsu::lpc40xx::Gpio::Read() const
 .text._ZNK4sjsu7lpc40xx4Gpio6GetPinEv
                0x000000000000091c       0x18 build/application/lpc40xx/compiled/source/main.cpp.o
                0x000000000000091c                sjsu::lpc40xx::Gpio::GetPin() const
 .text._ZNK4sjsu7lpc40xx4Gpio14ValidPortCheckEv
                0x0000000000000934       0x54 build/application/lpc40xx/compiled/source/main.cpp.o
                0x0000000000000934                sjsu::lpc40xx::Gpio::ValidPortCheck() const
 .text._ZNK4sjsu7lpc40xx4Gpio19SetInterruptRoutineEPFvvE
                0x0000000000000988       0x3c build/application/lpc40xx/compiled/source/main.cpp.o
                0x0000000000000988                sjsu::lpc40xx::Gpio::SetInterruptRoutine(void (*)()) const
 .text._ZNK4sjsu7lpc40xx4Gpio21ClearInterruptRoutineEv
                0x00000000000009c4       0x34 build/application/lpc40xx/compiled/source/main.cpp.o
                0x00000000000009c4                sjsu::lpc40xx::Gpio::ClearInterruptRoutine() const
 .text._ZN4sjsu4util5ValueINS_4Gpio4EdgeEhEET0_T_
                0x00000000000009f8       0x18 build/application/lpc40xx/compiled/source/main.cpp.o
                0x00000000000009f8                unsigned char sjsu::util::Value<sjsu::Gpio::Edge, unsigned char>(sjsu::Gpio::Edge)
 .text._ZNK4sjsu7lpc40xx4Gpio16SetInterruptEdgeENS_4Gpio4EdgeE
                0x0000000000000a10       0x6c build/application/lpc40xx/compiled/source/main.cpp.o
                0x0000000000000a10                sjsu::lpc40xx::Gpio::SetInterruptEdge(sjsu::Gpio::Edge) const
 .text._ZNK4sjsu7lpc40xx4Gpio15AttachInterruptEPFvvENS_4Gpio4EdgeE
                0x0000000000000a7c       0x2e build/application/lpc40xx/compiled/source/main.cpp.o
                0x0000000000000a7c                sjsu::lpc40xx::Gpio::AttachInterrupt(void (*)(), sjsu::Gpio::Edge) const
 .text._ZNK4sjsu7lpc40xx4Gpio15DetachInterruptEv
                0x0000000000000aaa       0x28 build/application/lpc40xx/compiled/source/main.cpp.o
                0x0000000000000aaa                sjsu::lpc40xx::Gpio::DetachInterrupt() const
 *fill*         0x0000000000000ad2        0x2 ff
 .text._ZNK4sjsu7lpc40xx4Gpio13SetEdgeRisingEv
                0x0000000000000ad4       0x5c build/application/lpc40xx/compiled/source/main.cpp.o
                0x0000000000000ad4                sjsu::lpc40xx::Gpio::SetEdgeRising() const
 .text._ZNK4sjsu7lpc40xx4Gpio14SetEdgeFallingEv
                0x0000000000000b30       0x5c build/application/lpc40xx/compiled/source/main.cpp.o
                0x0000000000000b30                sjsu::lpc40xx::Gpio::SetEdgeFalling() const
 .text._ZNK4sjsu7lpc40xx4Gpio15ClearEdgeRisingEv
                0x0000000000000b8c       0x5c build/application/lpc40xx/compiled/source/main.cpp.o
                0x0000000000000b8c                sjsu::lpc40xx::Gpio::ClearEdgeRising() const
 .text._ZNK4sjsu7lpc40xx4Gpio16ClearEdgeFallingEv
                0x0000000000000be8       0x5c build/application/lpc40xx/compiled/source/main.cpp.o
                0x0000000000000be8                sjsu::lpc40xx::Gpio::ClearEdgeFalling() const
 .text._ZN3Bus10InitializeEv
                0x0000000000000c44       0xf6 build/application/lpc40xx/compiled/source/main.cpp.o
                0x0000000000000c44                Bus::Initialize()
 .text._ZN3Bus5WriteENS_11ControlTypeEhh
                0x0000000000000d3a      0x10e build/application/lpc40xx/compiled/source/main.cpp.o
                0x0000000000000d3a                Bus::Write(Bus::ControlType, unsigned char, unsigned char)
 .text._ZN3Bus4ReadENS_11ControlTypeEh
                0x0000000000000e48      0x112 build/application/lpc40xx/compiled/source/main.cpp.o
                0x0000000000000e48                Bus::Read(Bus::ControlType, unsigned char)
 *fill*         0x0000000000000f5a        0x2 ff
 .text.main     0x0000000000000f5c      0x254 build/application/lpc40xx/compiled/source/main.cpp.o
                0x0000000000000f5c                main
 .text._ZN4sjsu3bit6InsertImhEET_S2_T0_NS0_4MaskE
                0x00000000000011b0       0x26 build/application/lpc40xx/compiled/source/main.cpp.o
                0x00000000000011b0                unsigned long sjsu::bit::Insert<unsigned long, unsigned char>(unsigned long, unsigned char, sjsu::bit::Mask)
 .text._ZN4sjsu3bit5ClearImEET_S2_m
                0x00000000000011d6       0x26 build/application/lpc40xx/compiled/source/main.cpp.o
                0x00000000000011d6                unsigned long sjsu::bit::Clear<unsigned long>(unsigned long, unsigned long)
 .text._ZN4sjsu3bit3SetImEET_S2_m
                0x00000000000011fc       0x24 build/application/lpc40xx/compiled/source/main.cpp.o
                0x00000000000011fc                unsigned long sjsu::bit::Set<unsigned long>(unsigned long, unsigned long)
 .text._ZN4sjsu3bit4ReadImEEbT_m
                0x0000000000001220       0x2e build/application/lpc40xx/compiled/source/main.cpp.o
                0x0000000000001220                bool sjsu::bit::Read<unsigned long>(unsigned long, unsigned long)
 .text._ZN4sjsu3bit6InsertImhEET_S2_T0_mm
                0x000000000000124e       0x5a build/application/lpc40xx/compiled/source/main.cpp.o
                0x000000000000124e                unsigned long sjsu::bit::Insert<unsigned long, unsigned char>(unsigned long, unsigned char, unsigned long, unsigned long)
 .text._Z41__static_initialization_and_destruction_0ii
                0x00000000000012a8      0x140 build/application/lpc40xx/compiled/source/main.cpp.o
 .text._GLOBAL__sub_I_main
                0x00000000000013e8       0x10 build/application/lpc40xx/compiled/source/main.cpp.o
 .text._Unwind_GetGR
                0x00000000000013f8       0x26 build/application/lpc40xx/compiled//home/peeradech/SJSU-Dev2/library/L3_Application/task_scheduler.cpp.o
 *fill*         0x000000000000141e        0x2 ff
 .text._ZN4sjsu5build9StringifyENS0_6TargetE
                0x0000000000001420       0x40 build/application/lpc40xx/compiled//home/peeradech/SJSU-Dev2/library/L3_Application/task_scheduler.cpp.o
                0x0000000000001420                sjsu::build::Stringify(sjsu::build::Target)
 .text._ZN4sjsu5debug18PrintAddressAsListEP15_Unwind_ContextPv
                0x0000000000001460       0x48 build/application/lpc40xx/compiled//home/peeradech/SJSU-Dev2/library/L3_Application/task_scheduler.cpp.o
                0x0000000000001460                sjsu::debug::PrintAddressAsList(_Unwind_Context*, void*)
 .text._ZN4sjsu5debug17PrintAddressInRowEP15_Unwind_ContextPv
                0x00000000000014a8       0x44 build/application/lpc40xx/compiled//home/peeradech/SJSU-Dev2/library/L3_Application/task_scheduler.cpp.o
                0x00000000000014a8                sjsu::debug::PrintAddressInRow(_Unwind_Context*, void*)
 .text._ZN4sjsu5debug14PrintBacktraceEbPv
                0x00000000000014ec       0xa4 build/application/lpc40xx/compiled//home/peeradech/SJSU-Dev2/library/L3_Application/task_scheduler.cpp.o
                0x00000000000014ec                sjsu::debug::PrintBacktrace(bool, void*)
 .text._ZN4sjsu21InitializeDataSectionEv
                0x0000000000001590       0x9c /home/peeradech/SJSU-Dev2/library/static_libraries/lpc40xx/liblpc40xx.a(exceptions.cpp.o)
                0x0000000000001590                sjsu::InitializeDataSection()
 .text._ZN4sjsu20InitializeBssSectionEv
                0x000000000000162c       0x6c /home/peeradech/SJSU-Dev2/library/static_libraries/lpc40xx/liblpc40xx.a(exceptions.cpp.o)
                0x000000000000162c                sjsu::InitializeBssSection()
 .text._ZN4sjsu16SystemInitializeEv
                0x0000000000001698       0x14 /home/peeradech/SJSU-Dev2/library/static_libraries/lpc40xx/liblpc40xx.a(exceptions.cpp.o)
                0x0000000000001698                sjsu::SystemInitialize()
 .text.GetRegistersFromStack
                0x00000000000016ac       0x7c /home/peeradech/SJSU-Dev2/library/static_libraries/lpc40xx/liblpc40xx.a(exceptions.cpp.o)
                0x00000000000016ac                GetRegistersFromStack
 .text.ArmHardFaultHandler
                0x0000000000001728       0x26 /home/peeradech/SJSU-Dev2/library/static_libraries/lpc40xx/liblpc40xx.a(exceptions.cpp.o)
                0x0000000000001728                ArmHardFaultHandler
 *fill*         0x000000000000174e        0x2 ff
 .text.ArmResetHandler
                0x0000000000001750       0x54 /home/peeradech/SJSU-Dev2/library/static_libraries/lpc40xx/liblpc40xx.a(exceptions.cpp.o)
                0x0000000000001750                ArmResetHandler
 .text._Z41__static_initialization_and_destruction_0ii
                0x00000000000017a4       0x44 /home/peeradech/SJSU-Dev2/library/static_libraries/lpc40xx/liblpc40xx.a(exceptions.cpp.o)
 .text._GLOBAL__sub_I_GetRegistersFromStack
                0x00000000000017e8       0x10 /home/peeradech/SJSU-Dev2/library/static_libraries/lpc40xx/liblpc40xx.a(exceptions.cpp.o)
 .text.vTaskSwitchContext
                0x00000000000017f8       0xc4 /home/peeradech/SJSU-Dev2/library/static_libraries/lpc40xx/libfreertos.a(tasks.c.o)
                0x00000000000017f8                vTaskSwitchContext
 .text._exit    0x00000000000018bc        0xc /home/peeradech/SJSU-Dev2/library/static_libraries/lpc40xx/libnewlib.a(newlib.cpp.o)
                0x00000000000018bc                _exit
 .text._getpid  0x00000000000018c8       0x10 /home/peeradech/SJSU-Dev2/library/static_libraries/lpc40xx/libnewlib.a(newlib.cpp.o)
                0x00000000000018c8                _getpid
 .text._kill    0x00000000000018d8       0x1a /home/peeradech/SJSU-Dev2/library/static_libraries/lpc40xx/libnewlib.a(newlib.cpp.o)
                0x00000000000018d8                _kill
 *fill*         0x00000000000018f2        0x2 ff
 .text.puts     0x00000000000018f4       0x4c /home/peeradech/SJSU-Dev2/library/static_libraries/lpc40xx/libnewlib.a(newlib.cpp.o)
                0x00000000000018f4                puts
 .text._ZL9_out_nullcPvjj
                0x0000000000001940       0x1c /home/peeradech/SJSU-Dev2/library/static_libraries/lpc40xx/libprintf.a(printf.cpp.o)
 .text._ZL9_out_charcPvjj
                0x000000000000195c       0x26 /home/peeradech/SJSU-Dev2/library/static_libraries/lpc40xx/libprintf.a(printf.cpp.o)
 .text._ZL7_strlenPKc
                0x0000000000001982       0x2e /home/peeradech/SJSU-Dev2/library/static_libraries/lpc40xx/libprintf.a(printf.cpp.o)
 .text._ZL9_is_digitc
                0x00000000000019b0       0x28 /home/peeradech/SJSU-Dev2/library/static_libraries/lpc40xx/libprintf.a(printf.cpp.o)
 .text._ZL5_atoiPPKc
                0x00000000000019d8       0x48 /home/peeradech/SJSU-Dev2/library/static_libraries/lpc40xx/libprintf.a(printf.cpp.o)
 .text._ZL12_ntoa_formatPFvcPvjjEPcjjS2_jbjjjj
                0x0000000000001a20      0x242 /home/peeradech/SJSU-Dev2/library/static_libraries/lpc40xx/libprintf.a(printf.cpp.o)
 .text._ZL10_ntoa_longPFvcPvjjEPcjjmbmjjj
                0x0000000000001c62       0xd0 /home/peeradech/SJSU-Dev2/library/static_libraries/lpc40xx/libprintf.a(printf.cpp.o)
 .text._ZL15_ntoa_long_longPFvcPvjjEPcjjybyjjj
                0x0000000000001d32       0xe0 /home/peeradech/SJSU-Dev2/library/static_libraries/lpc40xx/libprintf.a(printf.cpp.o)
 *fill*         0x0000000000001e12        0x2 ff
 .text._ZL5_ftoaPFvcPvjjEPcjjdjjj
                0x0000000000001e14      0x444 /home/peeradech/SJSU-Dev2/library/static_libraries/lpc40xx/libprintf.a(printf.cpp.o)
 .text._ZL10_vsnprintfPFvcPvjjEPcjPKcSt9__va_list
                0x0000000000002258      0x8d4 /home/peeradech/SJSU-Dev2/library/static_libraries/lpc40xx/libprintf.a(printf.cpp.o)
 .text.printf   0x0000000000002b2c       0x38 /home/peeradech/SJSU-Dev2/library/static_libraries/lpc40xx/libprintf.a(printf.cpp.o)
                0x0000000000002b2c                printf
 .text._ZNSt14numeric_limitsIxE3maxEv
                0x0000000000002b64       0x16 /home/peeradech/SJSU-Dev2/library/static_libraries/lpc40xx/liblpc40xx.a(startup.cpp.o)
                0x0000000000002b64                std::numeric_limits<long long>::max()
 *fill*         0x0000000000002b7a        0x2 ff
 .text._ZN4sjsu6cortex10DwtCounter10InitializeEv
                0x0000000000002b7c       0x44 /home/peeradech/SJSU-Dev2/library/static_libraries/lpc40xx/liblpc40xx.a(startup.cpp.o)
                0x0000000000002b7c                sjsu::cortex::DwtCounter::Initialize()
 .text._ZN4sjsu6cortex10DwtCounter8GetCountEv
                0x0000000000002bc0       0x20 /home/peeradech/SJSU-Dev2/library/static_libraries/lpc40xx/liblpc40xx.a(startup.cpp.o)
                0x0000000000002bc0                sjsu::cortex::DwtCounter::GetCount()
 .text._ZN4sjsu6cortex27InitializeFloatingPointUnitEv
                0x0000000000002be0       0x28 /home/peeradech/SJSU-Dev2/library/static_libraries/lpc40xx/liblpc40xx.a(startup.cpp.o)
                0x0000000000002be0                sjsu::cortex::InitializeFloatingPointUnit()
 .text._ZN5units8literalsli3_HzEy
                0x0000000000002c08       0x2c /home/peeradech/SJSU-Dev2/library/static_libraries/lpc40xx/liblpc40xx.a(startup.cpp.o)
                0x0000000000002c08                units::literals::operator"" _Hz(unsigned long long)
 .text._ZN5units8literalsli4_MHzEy
                0x0000000000002c34       0x2c /home/peeradech/SJSU-Dev2/library/static_libraries/lpc40xx/liblpc40xx.a(startup.cpp.o)
                0x0000000000002c34                units::literals::operator"" _MHz(unsigned long long)
 .text._ZN5units6unit_tINS_4unitISt5ratioILx1000000ELx1EENS1_IS2_ILx1ELx1EENS_9base_unitIS2_ILx0ELx1EES6_S2_ILxn1ELx1EES6_S6_S6_S6_S6_S6_EES6_S6_EES6_S6_EEfNS_12linear_scaleEEC1IJEEEfDpRKT_
                0x0000000000002c60       0x22 /home/peeradech/SJSU-Dev2/library/static_libraries/lpc40xx/liblpc40xx.a(startup.cpp.o)
                0x0000000000002c60                units::unit_t<units::unit<std::ratio<1000000ll, 1ll>, units::unit<std::ratio<1ll, 1ll>, units::base_unit<std::ratio<0ll, 1ll>, std::ratio<0ll, 1ll>, std::ratio<-1ll, 1ll>, std::ratio<0ll, 1ll>, std::ratio<0ll, 1ll>, std::ratio<0ll, 1ll>, std::ratio<0ll, 1ll>, std::ratio<0ll, 1ll>, std::ratio<0ll, 1ll> >, std::ratio<0ll, 1ll>, std::ratio<0ll, 1ll> >, std::ratio<0ll, 1ll>, std::ratio<0ll, 1ll> >, float, units::linear_scale>::unit_t<>(float)
 .text._ZN5units12linear_scaleIfEC2IJEEERKfDpOT_
                0x0000000000002c82       0x20 /home/peeradech/SJSU-Dev2/library/static_libraries/lpc40xx/liblpc40xx.a(startup.cpp.o)
                0x0000000000002c82                units::linear_scale<float>::linear_scale<>(float const&)
 .text._ZN5unitsL7convertINS_4unitISt5ratioILx1000000ELx1EENS1_IS2_ILx1ELx1EENS_9base_unitIS2_ILx0ELx1EES6_S2_ILxn1ELx1EES6_S6_S6_S6_S6_S6_EES6_S6_EES6_S6_EESA_fEET1_RKSB_
                0x0000000000002ca2       0x1c /home/peeradech/SJSU-Dev2/library/static_libraries/lpc40xx/liblpc40xx.a(startup.cpp.o)
 .text._ZN5units6detailL7convertINS_4unitISt5ratioILx1000000ELx1EENS2_IS3_ILx1ELx1EENS_9base_unitIS3_ILx0ELx1EES7_S3_ILxn1ELx1EES7_S7_S7_S7_S7_S7_EES7_S7_EES7_S7_EESB_S5_S7_S7_fEET4_RKSC_St17integral_constantIbLb1EESF_IbLb0EESH_
                0x0000000000002cbe       0x24 /home/peeradech/SJSU-Dev2/library/static_libraries/lpc40xx/liblpc40xx.a(startup.cpp.o)
 .text._ZN5units6unit_tINS_4unitISt5ratioILx1ELx1EENS_9base_unitIS2_ILx0ELx1EES5_S2_ILxn1ELx1EES5_S5_S5_S5_S5_S5_EES5_S5_EEfNS_12linear_scaleEEC1IJEEEfDpRKT_
                0x0000000000002ce2       0x22 /home/peeradech/SJSU-Dev2/library/static_libraries/lpc40xx/liblpc40xx.a(startup.cpp.o)
                0x0000000000002ce2                units::unit_t<units::unit<std::ratio<1ll, 1ll>, units::base_unit<std::ratio<0ll, 1ll>, std::ratio<0ll, 1ll>, std::ratio<-1ll, 1ll>, std::ratio<0ll, 1ll>, std::ratio<0ll, 1ll>, std::ratio<0ll, 1ll>, std::ratio<0ll, 1ll>, std::ratio<0ll, 1ll>, std::ratio<0ll, 1ll> >, std::ratio<0ll, 1ll>, std::ratio<0ll, 1ll> >, float, units::linear_scale>::unit_t<>(float)
 .text._ZN5unitsL7convertINS_4unitISt5ratioILx1ELx1EENS_9base_unitIS2_ILx0ELx1EES5_S2_ILxn1ELx1EES5_S5_S5_S5_S5_S5_EES5_S5_EES8_fEET1_RKS9_
                0x0000000000002d04       0x1c /home/peeradech/SJSU-Dev2/library/static_libraries/lpc40xx/liblpc40xx.a(startup.cpp.o)
 .text._ZN5units6detailL7convertINS_4unitISt5ratioILx1ELx1EENS_9base_unitIS3_ILx0ELx1EES6_S3_ILxn1ELx1EES6_S6_S6_S6_S6_S6_EES6_S6_EES9_S4_S6_S6_fEET4_RKSA_St17integral_constantIbLb1EESD_IbLb0EESF_
                0x0000000000002d20       0x24 /home/peeradech/SJSU-Dev2/library/static_libraries/lpc40xx/liblpc40xx.a(startup.cpp.o)
 .text._ZNK5units6unit_tINS_4unitISt5ratioILx1ELx1EENS_9base_unitIS2_ILx0ELx1EES5_S2_ILxn1ELx1EES5_S5_S5_S5_S5_S5_EES5_S5_EEfNS_12linear_scaleEEleIS8_fS9_EEbRKNS0_IT_T0_T1_EE
                0x0000000000002d44       0x3c /home/peeradech/SJSU-Dev2/library/static_libraries/lpc40xx/liblpc40xx.a(startup.cpp.o)
                0x0000000000002d44                bool units::unit_t<units::unit<std::ratio<1ll, 1ll>, units::base_unit<std::ratio<0ll, 1ll>, std::ratio<0ll, 1ll>, std::ratio<-1ll, 1ll>, std::ratio<0ll, 1ll>, std::ratio<0ll, 1ll>, std::ratio<0ll, 1ll>, std::ratio<0ll, 1ll>, std::ratio<0ll, 1ll>, std::ratio<0ll, 1ll> >, std::ratio<0ll, 1ll>, std::ratio<0ll, 1ll> >, float, units::linear_scale>::operator<=<units::unit<std::ratio<1ll, 1ll>, units::base_unit<std::ratio<0ll, 1ll>, std::ratio<0ll, 1ll>, std::ratio<-1ll, 1ll>, std::ratio<0ll, 1ll>, std::ratio<0ll, 1ll>, std::ratio<0ll, 1ll>, std::ratio<0ll, 1ll>, std::ratio<0ll, 1ll>, std::ratio<0ll, 1ll> >, std::ratio<0ll, 1ll>, std::ratio<0ll, 1ll> >, float, units::linear_scale>(units::unit_t<units::unit<std::ratio<1ll, 1ll>, units::base_unit<std::ratio<0ll, 1ll>, std::ratio<0ll, 1ll>, std::ratio<-1ll, 1ll>, std::ratio<0ll, 1ll>, std::ratio<0ll, 1ll>, std::ratio<0ll, 1ll>, std::ratio<0ll, 1ll>, std::ratio<0ll, 1ll>, std::ratio<0ll, 1ll> >, std::ratio<0ll, 1ll>, std::ratio<0ll, 1ll> >, float, units::linear_scale> const&) const
 .text._ZNSt6chrono8durationIxSt5ratioILx1ELx1000000EEEC1IxvEERKT_
                0x0000000000002d80       0x22 /home/peeradech/SJSU-Dev2/library/static_libraries/lpc40xx/liblpc40xx.a(startup.cpp.o)
                0x0000000000002d80                std::chrono::duration<long long, std::ratio<1ll, 1000000ll> >::duration<long long, void>(long long const&)
 *fill*         0x0000000000002da2        0x2 ff
 .text._ZN4sjsu13DefaultUptimeEv
                0x0000000000002da4       0x20 /home/peeradech/SJSU-Dev2/library/static_libraries/lpc40xx/liblpc40xx.a(startup.cpp.o)
                0x0000000000002da4                sjsu::DefaultUptime()
 .text._ZN4sjsu17SetUptimeFunctionEPFNSt6chrono8durationIxSt5ratioILx1ELx1000000EEEEvE
                0x0000000000002dc4       0x20 /home/peeradech/SJSU-Dev2/library/static_libraries/lpc40xx/liblpc40xx.a(startup.cpp.o)
                0x0000000000002dc4                sjsu::SetUptimeFunction(std::chrono::duration<long long, std::ratio<1ll, 1000000ll> > (*)())
 .text._ZN4sjsu6cortex19InterruptController13LookupHandlerEv
                0x0000000000002de4       0x38 /home/peeradech/SJSU-Dev2/library/static_libraries/lpc40xx/liblpc40xx.a(startup.cpp.o)
                0x0000000000002de4                sjsu::cortex::InterruptController::LookupHandler()
 .text._ZNK4sjsu16SystemController22GetPeripheralFrequencyERKNS0_12PeripheralIDE
                0x0000000000002e1c       0x50 /home/peeradech/SJSU-Dev2/library/static_libraries/lpc40xx/liblpc40xx.a(startup.cpp.o)
                0x0000000000002e1c                sjsu::SystemController::GetPeripheralFrequency(sjsu::SystemController::PeripheralID const&) const
 .text._ZN4sjsu11SystemTimerC2Ev
                0x0000000000002e6c       0x20 /home/peeradech/SJSU-Dev2/library/static_libraries/lpc40xx/liblpc40xx.a(startup.cpp.o)
                0x0000000000002e6c                sjsu::SystemTimer::SystemTimer()
                0x0000000000002e6c                sjsu::SystemTimer::SystemTimer()
 .text._ZN4sjsu6cortex11SystemTimerC2ERKNS_16SystemControllerERKNS_19InterruptControllerE
                0x0000000000002e8c       0x34 /home/peeradech/SJSU-Dev2/library/static_libraries/lpc40xx/liblpc40xx.a(startup.cpp.o)
                0x0000000000002e8c                sjsu::cortex::SystemTimer::SystemTimer(sjsu::SystemController const&, sjsu::InterruptController const&)
                0x0000000000002e8c                sjsu::cortex::SystemTimer::SystemTimer(sjsu::SystemController const&, sjsu::InterruptController const&)
 .text._ZNSt8literals15chrono_literalsli2msIJLc49EEEENSt6chrono8durationIxSt5ratioILx1ELx1000EEEEv
                0x0000000000002ec0       0x18 /home/peeradech/SJSU-Dev2/library/static_libraries/lpc40xx/liblpc40xx.a(startup.cpp.o)
                0x0000000000002ec0                std::chrono::duration<long long, std::ratio<1ll, 1000ll> > std::literals::chrono_literals::operator"" ms<(char)49>()
 .text._ZNSt8literals15chrono_literals16__check_overflowINSt6chrono8durationIxSt5ratioILx1ELx1000EEEEJLc49EEEET_v
                0x0000000000002ed8       0x1c /home/peeradech/SJSU-Dev2/library/static_libraries/lpc40xx/liblpc40xx.a(startup.cpp.o)
                0x0000000000002ed8                std::chrono::duration<long long, std::ratio<1ll, 1000ll> > std::literals::chrono_literals::__check_overflow<std::chrono::duration<long long, std::ratio<1ll, 1000ll> >, (char)49>()
 .text._ZNSt6chrono8durationIxSt5ratioILx1ELx1000EEEC1IxvEERKT_
                0x0000000000002ef4       0x22 /home/peeradech/SJSU-Dev2/library/static_libraries/lpc40xx/liblpc40xx.a(startup.cpp.o)
                0x0000000000002ef4                std::chrono::duration<long long, std::ratio<1ll, 1000ll> >::duration<long long, void>(long long const&)
 .text._ZNSt6chrono13duration_castINS_8durationIxSt5ratioILx1ELx1000000EEEExS2_ILx1ELx1000EEEENSt9enable_ifIXsrNS_13__is_durationIT_EE5valueES8_E4typeERKNS1_IT0_T1_EE
                0x0000000000002f16       0x1c /home/peeradech/SJSU-Dev2/library/static_libraries/lpc40xx/liblpc40xx.a(startup.cpp.o)
                0x0000000000002f16                std::enable_if<std::chrono::__is_duration<std::chrono::duration<long long, std::ratio<1ll, 1000000ll> > >::value, std::chrono::duration<long long, std::ratio<1ll, 1000000ll> > >::type std::chrono::duration_cast<std::chrono::duration<long long, std::ratio<1ll, 1000000ll> >, long long, std::ratio<1ll, 1000ll> >(std::chrono::duration<long long, std::ratio<1ll, 1000ll> > const&)
 .text._ZNKSt6chrono8durationIxSt5ratioILx1ELx1000EEE5countEv
                0x0000000000002f32       0x1a /home/peeradech/SJSU-Dev2/library/static_libraries/lpc40xx/liblpc40xx.a(startup.cpp.o)
                0x0000000000002f32                std::chrono::duration<long long, std::ratio<1ll, 1000ll> >::count() const
 .text._ZNSt6chrono20__duration_cast_implINS_8durationIxSt5ratioILx1ELx1000000EEEES2_ILx1000ELx1EExLb0ELb1EE6__castIxS2_ILx1ELx1000EEEES4_RKNS1_IT_T0_EE
                0x0000000000002f4c       0x78 /home/peeradech/SJSU-Dev2/library/static_libraries/lpc40xx/liblpc40xx.a(startup.cpp.o)
                0x0000000000002f4c                std::chrono::duration<long long, std::ratio<1ll, 1000000ll> > std::chrono::__duration_cast_impl<std::chrono::duration<long long, std::ratio<1ll, 1000000ll> >, std::ratio<1000ll, 1ll>, long long, false, true>::__cast<long long, std::ratio<1ll, 1000ll> >(std::chrono::duration<long long, std::ratio<1ll, 1000ll> > const&)
 .text._ZNSt6chrono8durationIxSt5ratioILx1ELx1000000EEEC1IxS1_ILx1ELx1000EEvEERKNS0_IT_T0_EE
                0x0000000000002fc4       0x34 /home/peeradech/SJSU-Dev2/library/static_libraries/lpc40xx/liblpc40xx.a(startup.cpp.o)
                0x0000000000002fc4                std::chrono::duration<long long, std::ratio<1ll, 1000000ll> >::duration<long long, std::ratio<1ll, 1000ll>, void>(std::chrono::duration<long long, std::ratio<1ll, 1000ll> > const&)
 .text._ZNKSt6chrono8durationIxSt5ratioILx1ELx1000000EEE5countEv
                0x0000000000002ff8       0x1a /home/peeradech/SJSU-Dev2/library/static_libraries/lpc40xx/liblpc40xx.a(startup.cpp.o)
                0x0000000000002ff8                std::chrono::duration<long long, std::ratio<1ll, 1000000ll> >::count() const
 *fill*         0x0000000000003012        0x2 ff
 .text._ZN4sjsu6cortex11SystemTimer18SystemTimerHandlerEv
                0x0000000000003014       0x48 /home/peeradech/SJSU-Dev2/library/static_libraries/lpc40xx/liblpc40xx.a(startup.cpp.o)
                0x0000000000003014                sjsu::cortex::SystemTimer::SystemTimerHandler()
 .text._ZN4sjsu6cortex11SystemTimer8GetCountEv
                0x000000000000305c       0x24 /home/peeradech/SJSU-Dev2/library/static_libraries/lpc40xx/liblpc40xx.a(startup.cpp.o)
                0x000000000000305c                sjsu::cortex::SystemTimer::GetCount()
 .text._ZNK4sjsu6cortex11SystemTimer12SetInterruptEPFvvE
                0x0000000000003080       0x20 /home/peeradech/SJSU-Dev2/library/static_libraries/lpc40xx/liblpc40xx.a(startup.cpp.o)
                0x0000000000003080                sjsu::cortex::SystemTimer::SetInterrupt(void (*)()) const
 .text._ZNK4sjsu6cortex11SystemTimer10StartTimerEv
                0x00000000000030a0       0x94 /home/peeradech/SJSU-Dev2/library/static_libraries/lpc40xx/liblpc40xx.a(startup.cpp.o)
                0x00000000000030a0                sjsu::cortex::SystemTimer::StartTimer() const
 .text._ZNK5units12linear_scaleIfEclEv
                0x0000000000003134       0x1e /home/peeradech/SJSU-Dev2/library/static_libraries/lpc40xx/liblpc40xx.a(startup.cpp.o)
                0x0000000000003134                units::linear_scale<float>::operator()() const
 .text._ZN5unitsdvINS_6unit_tINS_4unitISt5ratioILx1ELx1EENS_9base_unitIS3_ILx0ELx1EES6_S3_ILxn1ELx1EES6_S6_S6_S6_S6_S6_EES6_S6_EEfNS_12linear_scaleEEESB_Li0EEENS1_INS2_IS4_NS5_IS6_S6_S6_S6_S6_S6_S6_S6_S6_EES6_S6_EEfSA_EERKT_RKT0_
                0x0000000000003152       0x58 /home/peeradech/SJSU-Dev2/library/static_libraries/lpc40xx/liblpc40xx.a(startup.cpp.o)
                0x0000000000003152                units::unit_t<units::unit<std::ratio<1ll, 1ll>, units::base_unit<std::ratio<0ll, 1ll>, std::ratio<0ll, 1ll>, std::ratio<0ll, 1ll>, std::ratio<0ll, 1ll>, std::ratio<0ll, 1ll>, std::ratio<0ll, 1ll>, std::ratio<0ll, 1ll>, std::ratio<0ll, 1ll>, std::ratio<0ll, 1ll> >, std::ratio<0ll, 1ll>, std::ratio<0ll, 1ll> >, float, units::linear_scale> units::operator/<units::unit_t<units::unit<std::ratio<1ll, 1ll>, units::base_unit<std::ratio<0ll, 1ll>, std::ratio<0ll, 1ll>, std::ratio<-1ll, 1ll>, std::ratio<0ll, 1ll>, std::ratio<0ll, 1ll>, std::ratio<0ll, 1ll>, std::ratio<0ll, 1ll>, std::ratio<0ll, 1ll>, std::ratio<0ll, 1ll> >, std::ratio<0ll, 1ll>, std::ratio<0ll, 1ll> >, float, units::linear_scale>, units::unit_t<units::unit<std::ratio<1ll, 1ll>, units::base_unit<std::ratio<0ll, 1ll>, std::ratio<0ll, 1ll>, std::ratio<-1ll, 1ll>, std::ratio<0ll, 1ll>, std::ratio<0ll, 1ll>, std::ratio<0ll, 1ll>, std::ratio<0ll, 1ll>, std::ratio<0ll, 1ll>, std::ratio<0ll, 1ll> >, std::ratio<0ll, 1ll>, std::ratio<0ll, 1ll> >, float, units::linear_scale>, 0>(units::unit_t<units::unit<std::ratio<1ll, 1ll>, units::base_unit<std::ratio<0ll, 1ll>, std::ratio<0ll, 1ll>, std::ratio<-1ll, 1ll>, std::ratio<0ll, 1ll>, std::ratio<0ll, 1ll>, std::ratio<0ll, 1ll>, std::ratio<0ll, 1ll>, std::ratio<0ll, 1ll>, std::ratio<0ll, 1ll> >, std::ratio<0ll, 1ll>, std::ratio<0ll, 1ll> >, float, units::linear_scale> const&, units::unit_t<units::unit<std::ratio<1ll, 1ll>, units::base_unit<std::ratio<0ll, 1ll>, std::ratio<0ll, 1ll>, std::ratio<-1ll, 1ll>, std::ratio<0ll, 1ll>, std::ratio<0ll, 1ll>, std::ratio<0ll, 1ll>, std::ratio<0ll, 1ll>, std::ratio<0ll, 1ll>, std::ratio<0ll, 1ll> >, std::ratio<0ll, 1ll>, std::ratio<0ll, 1ll> >, float, units::linear_scale> const&)
 .text._ZN5units6unit_tINS_4unitISt5ratioILx1ELx1EENS_9base_unitIS2_ILx0ELx1EES5_S5_S5_S5_S5_S5_S5_S5_EES5_S5_EEfNS_12linear_scaleEEC1IJEEEfDpRKT_
                0x00000000000031aa       0x22 /home/peeradech/SJSU-Dev2/library/static_libraries/lpc40xx/liblpc40xx.a(startup.cpp.o)
                0x00000000000031aa                units::unit_t<units::unit<std::ratio<1ll, 1ll>, units::base_unit<std::ratio<0ll, 1ll>, std::ratio<0ll, 1ll>, std::ratio<0ll, 1ll>, std::ratio<0ll, 1ll>, std::ratio<0ll, 1ll>, std::ratio<0ll, 1ll>, std::ratio<0ll, 1ll>, std::ratio<0ll, 1ll>, std::ratio<0ll, 1ll> >, std::ratio<0ll, 1ll>, std::ratio<0ll, 1ll> >, float, units::linear_scale>::unit_t<>(float)
 .text._ZN5unitsmiIiLi0EEENS_6unit_tINS_4unitISt5ratioILx1ELx1EENS_9base_unitIS3_ILx0ELx1EES6_S6_S6_S6_S6_S6_S6_S6_EES6_S6_EEfNS_12linear_scaleEEERKSA_T_
                0x00000000000031cc       0x3c /home/peeradech/SJSU-Dev2/library/static_libraries/lpc40xx/liblpc40xx.a(startup.cpp.o)
                0x00000000000031cc                units::unit_t<units::unit<std::ratio<1ll, 1ll>, units::base_unit<std::ratio<0ll, 1ll>, std::ratio<0ll, 1ll>, std::ratio<0ll, 1ll>, std::ratio<0ll, 1ll>, std::ratio<0ll, 1ll>, std::ratio<0ll, 1ll>, std::ratio<0ll, 1ll>, std::ratio<0ll, 1ll>, std::ratio<0ll, 1ll> >, std::ratio<0ll, 1ll>, std::ratio<0ll, 1ll> >, float, units::linear_scale> units::operator-<int, 0>(units::unit_t<units::unit<std::ratio<1ll, 1ll>, units::base_unit<std::ratio<0ll, 1ll>, std::ratio<0ll, 1ll>, std::ratio<0ll, 1ll>, std::ratio<0ll, 1ll>, std::ratio<0ll, 1ll>, std::ratio<0ll, 1ll>, std::ratio<0ll, 1ll>, std::ratio<0ll, 1ll>, std::ratio<0ll, 1ll> >, std::ratio<0ll, 1ll>, std::ratio<0ll, 1ll> >, float, units::linear_scale> const&, int)
 .text._ZN5units9unit_castImNS_6unit_tINS_4unitISt5ratioILx1ELx1EENS_9base_unitIS3_ILx0ELx1EES6_S6_S6_S6_S6_S6_S6_S6_EES6_S6_EEfNS_12linear_scaleEEEvEET_RKT0_
                0x0000000000003208       0x18 /home/peeradech/SJSU-Dev2/library/static_libraries/lpc40xx/liblpc40xx.a(startup.cpp.o)
                0x0000000000003208                unsigned long units::unit_cast<unsigned long, units::unit_t<units::unit<std::ratio<1ll, 1ll>, units::base_unit<std::ratio<0ll, 1ll>, std::ratio<0ll, 1ll>, std::ratio<0ll, 1ll>, std::ratio<0ll, 1ll>, std::ratio<0ll, 1ll>, std::ratio<0ll, 1ll>, std::ratio<0ll, 1ll>, std::ratio<0ll, 1ll>, std::ratio<0ll, 1ll> >, std::ratio<0ll, 1ll>, std::ratio<0ll, 1ll> >, float, units::linear_scale>, void>(units::unit_t<units::unit<std::ratio<1ll, 1ll>, units::base_unit<std::ratio<0ll, 1ll>, std::ratio<0ll, 1ll>, std::ratio<0ll, 1ll>, std::ratio<0ll, 1ll>, std::ratio<0ll, 1ll>, std::ratio<0ll, 1ll>, std::ratio<0ll, 1ll>, std::ratio<0ll, 1ll>, std::ratio<0ll, 1ll> >, std::ratio<0ll, 1ll>, std::ratio<0ll, 1ll> >, float, units::linear_scale> const&)
 .text._ZN5units9unit_castImNS_6unit_tINS_4unitISt5ratioILx1ELx1EENS_9base_unitIS3_ILx0ELx1EES6_S3_ILxn1ELx1EES6_S6_S6_S6_S6_S6_EES6_S6_EEfNS_12linear_scaleEEEvEET_RKT0_
                0x0000000000003220       0x18 /home/peeradech/SJSU-Dev2/library/static_libraries/lpc40xx/liblpc40xx.a(startup.cpp.o)
                0x0000000000003220                unsigned long units::unit_cast<unsigned long, units::unit_t<units::unit<std::ratio<1ll, 1ll>, units::base_unit<std::ratio<0ll, 1ll>, std::ratio<0ll, 1ll>, std::ratio<-1ll, 1ll>, std::ratio<0ll, 1ll>, std::ratio<0ll, 1ll>, std::ratio<0ll, 1ll>, std::ratio<0ll, 1ll>, std::ratio<0ll, 1ll>, std::ratio<0ll, 1ll> >, std::ratio<0ll, 1ll>, std::ratio<0ll, 1ll> >, float, units::linear_scale>, void>(units::unit_t<units::unit<std::ratio<1ll, 1ll>, units::base_unit<std::ratio<0ll, 1ll>, std::ratio<0ll, 1ll>, std::ratio<-1ll, 1ll>, std::ratio<0ll, 1ll>, std::ratio<0ll, 1ll>, std::ratio<0ll, 1ll>, std::ratio<0ll, 1ll>, std::ratio<0ll, 1ll>, std::ratio<0ll, 1ll> >, std::ratio<0ll, 1ll>, std::ratio<0ll, 1ll> >, float, units::linear_scale> const&)
 .text._ZNK5units6unit_tINS_4unitISt5ratioILx1ELx1EENS_9base_unitIS2_ILx0ELx1EES5_S2_ILxn1ELx1EES5_S5_S5_S5_S5_S5_EES5_S5_EEfNS_12linear_scaleEEcvT_ImLi0EEEv
                0x0000000000003238       0x24 /home/peeradech/SJSU-Dev2/library/static_libraries/lpc40xx/liblpc40xx.a(startup.cpp.o)
                0x0000000000003238                units::unit_t<units::unit<std::ratio<1ll, 1ll>, units::base_unit<std::ratio<0ll, 1ll>, std::ratio<0ll, 1ll>, std::ratio<-1ll, 1ll>, std::ratio<0ll, 1ll>, std::ratio<0ll, 1ll>, std::ratio<0ll, 1ll>, std::ratio<0ll, 1ll>, std::ratio<0ll, 1ll>, std::ratio<0ll, 1ll> >, std::ratio<0ll, 1ll>, std::ratio<0ll, 1ll> >, float, units::linear_scale>::operator unsigned long<unsigned long, 0>() const
 .text._ZNK4sjsu6cortex11SystemTimer16SetTickFrequencyEN5units6unit_tINS2_4unitISt5ratioILx1ELx1EENS2_9base_unitIS5_ILx0ELx1EES8_S5_ILxn1ELx1EES8_S8_S8_S8_S8_S8_EES8_S8_EEfNS2_12linear_scaleEEE
                0x000000000000325c       0xc4 /home/peeradech/SJSU-Dev2/library/static_libraries/lpc40xx/liblpc40xx.a(startup.cpp.o)
                0x000000000000325c                sjsu::cortex::SystemTimer::SetTickFrequency(units::unit_t<units::unit<std::ratio<1ll, 1ll>, units::base_unit<std::ratio<0ll, 1ll>, std::ratio<0ll, 1ll>, std::ratio<-1ll, 1ll>, std::ratio<0ll, 1ll>, std::ratio<0ll, 1ll>, std::ratio<0ll, 1ll>, std::ratio<0ll, 1ll>, std::ratio<0ll, 1ll>, std::ratio<0ll, 1ll> >, std::ratio<0ll, 1ll>, std::ratio<0ll, 1ll> >, float, units::linear_scale>) const
 .text._ZN5unitsL7convertINS_4unitISt5ratioILx1000000ELx1EENS1_IS2_ILx1ELx1EENS_9base_unitIS2_ILx0ELx1EES6_S2_ILxn1ELx1EES6_S6_S6_S6_S6_S6_EES6_S6_EES6_S6_EES9_fEET1_RKSB_
                0x0000000000003320       0x1c /home/peeradech/SJSU-Dev2/library/static_libraries/lpc40xx/liblpc40xx.a(startup.cpp.o)
 .text._ZN5units6detailL7convertINS_4unitISt5ratioILx1000000ELx1EENS2_IS3_ILx1ELx1EENS_9base_unitIS3_ILx0ELx1EES7_S3_ILxn1ELx1EES7_S7_S7_S7_S7_S7_EES7_S7_EES7_S7_EESA_S4_S7_S7_fEET4_RKSC_St17integral_constantIbLb0EESG_SG_
                0x000000000000333c       0x30 /home/peeradech/SJSU-Dev2/library/static_libraries/lpc40xx/liblpc40xx.a(startup.cpp.o)
 .text._ZNK4sjsu7lpc40xx16SystemController23SetSystemClockFrequencyEN5units6unit_tINS2_4unitISt5ratioILx1000000ELx1EENS4_IS5_ILx1ELx1EENS2_9base_unitIS5_ILx0ELx1EES9_S5_ILxn1ELx1EES9_S9_S9_S9_S9_S9_EES9_S9_EES9_S9_EEfNS2_12linear_scaleEEE
                0x000000000000336c       0x9c /home/peeradech/SJSU-Dev2/library/static_libraries/lpc40xx/liblpc40xx.a(startup.cpp.o)
                0x000000000000336c                sjsu::lpc40xx::SystemController::SetSystemClockFrequency(units::unit_t<units::unit<std::ratio<1000000ll, 1ll>, units::unit<std::ratio<1ll, 1ll>, units::base_unit<std::ratio<0ll, 1ll>, std::ratio<0ll, 1ll>, std::ratio<-1ll, 1ll>, std::ratio<0ll, 1ll>, std::ratio<0ll, 1ll>, std::ratio<0ll, 1ll>, std::ratio<0ll, 1ll>, std::ratio<0ll, 1ll>, std::ratio<0ll, 1ll> >, std::ratio<0ll, 1ll>, std::ratio<0ll, 1ll> >, std::ratio<0ll, 1ll>, std::ratio<0ll, 1ll> >, float, units::linear_scale>) const
 .text._ZNK4sjsu7lpc40xx16SystemController25SetPeripheralClockDividerERKNS_16SystemController12PeripheralIDEh
                0x0000000000003408       0x58 /home/peeradech/SJSU-Dev2/library/static_libraries/lpc40xx/liblpc40xx.a(startup.cpp.o)
                0x0000000000003408                sjsu::lpc40xx::SystemController::SetPeripheralClockDivider(sjsu::SystemController::PeripheralID const&, unsigned char) const
 .text._ZNK4sjsu7lpc40xx16SystemController25GetPeripheralClockDividerERKNS_16SystemController12PeripheralIDE
                0x0000000000003460       0x24 /home/peeradech/SJSU-Dev2/library/static_libraries/lpc40xx/liblpc40xx.a(startup.cpp.o)
                0x0000000000003460                sjsu::lpc40xx::SystemController::GetPeripheralClockDivider(sjsu::SystemController::PeripheralID const&) const
 .text._ZNK4sjsu7lpc40xx16SystemController18GetSystemFrequencyEv
                0x0000000000003484       0x1c /home/peeradech/SJSU-Dev2/library/static_libraries/lpc40xx/liblpc40xx.a(startup.cpp.o)
                0x0000000000003484                sjsu::lpc40xx::SystemController::GetSystemFrequency() const
 .text._ZNK4sjsu7lpc40xx16SystemController21IsPeripheralPoweredUpERKNS_16SystemController12PeripheralIDE
                0x00000000000034a0       0x3c /home/peeradech/SJSU-Dev2/library/static_libraries/lpc40xx/liblpc40xx.a(startup.cpp.o)
                0x00000000000034a0                sjsu::lpc40xx::SystemController::IsPeripheralPoweredUp(sjsu::SystemController::PeripheralID const&) const
 .text._ZNK4sjsu7lpc40xx16SystemController17PowerUpPeripheralERKNS_16SystemController12PeripheralIDE
                0x00000000000034dc       0x34 /home/peeradech/SJSU-Dev2/library/static_libraries/lpc40xx/liblpc40xx.a(startup.cpp.o)
                0x00000000000034dc                sjsu::lpc40xx::SystemController::PowerUpPeripheral(sjsu::SystemController::PeripheralID const&) const
 .text._ZNK4sjsu7lpc40xx16SystemController19PowerDownPeripheralERKNS_16SystemController12PeripheralIDE
                0x0000000000003510       0x34 /home/peeradech/SJSU-Dev2/library/static_libraries/lpc40xx/liblpc40xx.a(startup.cpp.o)
                0x0000000000003510                sjsu::lpc40xx::SystemController::PowerDownPeripheral(sjsu::SystemController::PeripheralID const&) const
 .text._ZNK4sjsu7lpc40xx16SystemController22SelectOscillatorSourceENS1_16OscillatorSourceE
                0x0000000000003544       0x48 /home/peeradech/SJSU-Dev2/library/static_libraries/lpc40xx/liblpc40xx.a(startup.cpp.o)
                0x0000000000003544                sjsu::lpc40xx::SystemController::SelectOscillatorSource(sjsu::lpc40xx::SystemController::OscillatorSource) const
 .text._ZNK4sjsu7lpc40xx16SystemController21SelectMainClockSourceENS1_15MainClockSourceE
                0x000000000000358c       0x48 /home/peeradech/SJSU-Dev2/library/static_libraries/lpc40xx/liblpc40xx.a(startup.cpp.o)
                0x000000000000358c                sjsu::lpc40xx::SystemController::SelectMainClockSource(sjsu::lpc40xx::SystemController::MainClockSource) const
 .text._ZNK4sjsu7lpc40xx16SystemController20SelectUsbClockSourceENS1_9UsbSourceE
                0x00000000000035d4       0x48 /home/peeradech/SJSU-Dev2/library/static_libraries/lpc40xx/liblpc40xx.a(startup.cpp.o)
                0x00000000000035d4                sjsu::lpc40xx::SystemController::SelectUsbClockSource(sjsu::lpc40xx::SystemController::UsbSource) const
 .text._ZNK4sjsu7lpc40xx16SystemController22SelectSpifiClockSourceENS1_11SpifiSourceE
                0x000000000000361c       0x48 /home/peeradech/SJSU-Dev2/library/static_libraries/lpc40xx/liblpc40xx.a(startup.cpp.o)
                0x000000000000361c                sjsu::lpc40xx::SystemController::SelectSpifiClockSource(sjsu::lpc40xx::SystemController::SpifiSource) const
 .text._ZNK5units6unit_tINS_4unitISt5ratioILx1000000ELx1EENS1_IS2_ILx1ELx1EENS_9base_unitIS2_ILx0ELx1EES6_S2_ILxn1ELx1EES6_S6_S6_S6_S6_S6_EES6_S6_EES6_S6_EEfNS_12linear_scaleEEltISA_fSB_EEbRKNS0_IT_T0_T1_EE
                0x0000000000003664       0x3c /home/peeradech/SJSU-Dev2/library/static_libraries/lpc40xx/liblpc40xx.a(startup.cpp.o)
                0x0000000000003664                bool units::unit_t<units::unit<std::ratio<1000000ll, 1ll>, units::unit<std::ratio<1ll, 1ll>, units::base_unit<std::ratio<0ll, 1ll>, std::ratio<0ll, 1ll>, std::ratio<-1ll, 1ll>, std::ratio<0ll, 1ll>, std::ratio<0ll, 1ll>, std::ratio<0ll, 1ll>, std::ratio<0ll, 1ll>, std::ratio<0ll, 1ll>, std::ratio<0ll, 1ll> >, std::ratio<0ll, 1ll>, std::ratio<0ll, 1ll> >, std::ratio<0ll, 1ll>, std::ratio<0ll, 1ll> >, float, units::linear_scale>::operator< <units::unit<std::ratio<1000000ll, 1ll>, units::unit<std::ratio<1ll, 1ll>, units::base_unit<std::ratio<0ll, 1ll>, std::ratio<0ll, 1ll>, std::ratio<-1ll, 1ll>, std::ratio<0ll, 1ll>, std::ratio<0ll, 1ll>, std::ratio<0ll, 1ll>, std::ratio<0ll, 1ll>, std::ratio<0ll, 1ll>, std::ratio<0ll, 1ll> >, std::ratio<0ll, 1ll>, std::ratio<0ll, 1ll> >, std::ratio<0ll, 1ll>, std::ratio<0ll, 1ll> >, float, units::linear_scale>(units::unit_t<units::unit<std::ratio<1000000ll, 1ll>, units::unit<std::ratio<1ll, 1ll>, units::base_unit<std::ratio<0ll, 1ll>, std::ratio<0ll, 1ll>, std::ratio<-1ll, 1ll>, std::ratio<0ll, 1ll>, std::ratio<0ll, 1ll>, std::ratio<0ll, 1ll>, std::ratio<0ll, 1ll>, std::ratio<0ll, 1ll>, std::ratio<0ll, 1ll> >, std::ratio<0ll, 1ll>, std::ratio<0ll, 1ll> >, std::ratio<0ll, 1ll>, std::ratio<0ll, 1ll> >, float, units::linear_scale> const&) const
 .text._ZNK5units6unit_tINS_4unitISt5ratioILx1000000ELx1EENS1_IS2_ILx1ELx1EENS_9base_unitIS2_ILx0ELx1EES6_S2_ILxn1ELx1EES6_S6_S6_S6_S6_S6_EES6_S6_EES6_S6_EEfNS_12linear_scaleEE2toImvEET_v
                0x00000000000036a0       0x18 /home/peeradech/SJSU-Dev2/library/static_libraries/lpc40xx/liblpc40xx.a(startup.cpp.o)
                0x00000000000036a0                unsigned long units::unit_t<units::unit<std::ratio<1000000ll, 1ll>, units::unit<std::ratio<1ll, 1ll>, units::base_unit<std::ratio<0ll, 1ll>, std::ratio<0ll, 1ll>, std::ratio<-1ll, 1ll>, std::ratio<0ll, 1ll>, std::ratio<0ll, 1ll>, std::ratio<0ll, 1ll>, std::ratio<0ll, 1ll>, std::ratio<0ll, 1ll>, std::ratio<0ll, 1ll> >, std::ratio<0ll, 1ll>, std::ratio<0ll, 1ll> >, std::ratio<0ll, 1ll>, std::ratio<0ll, 1ll> >, float, units::linear_scale>::to<unsigned long, void>() const
 .text._ZNK5units6unit_tINS_4unitISt5ratioILx1000000ELx1EENS1_IS2_ILx1ELx1EENS_9base_unitIS2_ILx0ELx1EES6_S2_ILxn1ELx1EES6_S6_S6_S6_S6_S6_EES6_S6_EES6_S6_EEfNS_12linear_scaleEEcvT_ImLi0EEEv
                0x00000000000036b8       0x24 /home/peeradech/SJSU-Dev2/library/static_libraries/lpc40xx/liblpc40xx.a(startup.cpp.o)
                0x00000000000036b8                units::unit_t<units::unit<std::ratio<1000000ll, 1ll>, units::unit<std::ratio<1ll, 1ll>, units::base_unit<std::ratio<0ll, 1ll>, std::ratio<0ll, 1ll>, std::ratio<-1ll, 1ll>, std::ratio<0ll, 1ll>, std::ratio<0ll, 1ll>, std::ratio<0ll, 1ll>, std::ratio<0ll, 1ll>, std::ratio<0ll, 1ll>, std::ratio<0ll, 1ll> >, std::ratio<0ll, 1ll>, std::ratio<0ll, 1ll> >, std::ratio<0ll, 1ll>, std::ratio<0ll, 1ll> >, float, units::linear_scale>::operator unsigned long<unsigned long, 0>() const
 .text._ZN5unitsdvINS_6unit_tINS_4unitISt5ratioILx1000000ELx1EENS2_IS3_ILx1ELx1EENS_9base_unitIS3_ILx0ELx1EES7_S3_ILxn1ELx1EES7_S7_S7_S7_S7_S7_EES7_S7_EES7_S7_EEfNS_12linear_scaleEEESD_Li0EEENS1_INS2_IS5_NS6_IS7_S7_S7_S7_S7_S7_S7_S7_S7_EES7_S7_EEfSC_EERKT_RKT0_
                0x00000000000036dc       0x58 /home/peeradech/SJSU-Dev2/library/static_libraries/lpc40xx/liblpc40xx.a(startup.cpp.o)
                0x00000000000036dc                units::unit_t<units::unit<std::ratio<1ll, 1ll>, units::base_unit<std::ratio<0ll, 1ll>, std::ratio<0ll, 1ll>, std::ratio<0ll, 1ll>, std::ratio<0ll, 1ll>, std::ratio<0ll, 1ll>, std::ratio<0ll, 1ll>, std::ratio<0ll, 1ll>, std::ratio<0ll, 1ll>, std::ratio<0ll, 1ll> >, std::ratio<0ll, 1ll>, std::ratio<0ll, 1ll> >, float, units::linear_scale> units::operator/<units::unit_t<units::unit<std::ratio<1000000ll, 1ll>, units::unit<std::ratio<1ll, 1ll>, units::base_unit<std::ratio<0ll, 1ll>, std::ratio<0ll, 1ll>, std::ratio<-1ll, 1ll>, std::ratio<0ll, 1ll>, std::ratio<0ll, 1ll>, std::ratio<0ll, 1ll>, std::ratio<0ll, 1ll>, std::ratio<0ll, 1ll>, std::ratio<0ll, 1ll> >, std::ratio<0ll, 1ll>, std::ratio<0ll, 1ll> >, std::ratio<0ll, 1ll>, std::ratio<0ll, 1ll> >, float, units::linear_scale>, units::unit_t<units::unit<std::ratio<1000000ll, 1ll>, units::unit<std::ratio<1ll, 1ll>, units::base_unit<std::ratio<0ll, 1ll>, std::ratio<0ll, 1ll>, std::ratio<-1ll, 1ll>, std::ratio<0ll, 1ll>, std::ratio<0ll, 1ll>, std::ratio<0ll, 1ll>, std::ratio<0ll, 1ll>, std::ratio<0ll, 1ll>, std::ratio<0ll, 1ll> >, std::ratio<0ll, 1ll>, std::ratio<0ll, 1ll> >, std::ratio<0ll, 1ll>, std::ratio<0ll, 1ll> >, float, units::linear_scale>, 0>(units::unit_t<units::unit<std::ratio<1000000ll, 1ll>, units::unit<std::ratio<1ll, 1ll>, units::base_unit<std::ratio<0ll, 1ll>, std::ratio<0ll, 1ll>, std::ratio<-1ll, 1ll>, std::ratio<0ll, 1ll>, std::ratio<0ll, 1ll>, std::ratio<0ll, 1ll>, std::ratio<0ll, 1ll>, std::ratio<0ll, 1ll>, std::ratio<0ll, 1ll> >, std::ratio<0ll, 1ll>, std::ratio<0ll, 1ll> >, std::ratio<0ll, 1ll>, std::ratio<0ll, 1ll> >, float, units::linear_scale> const&, units::unit_t<units::unit<std::ratio<1000000ll, 1ll>, units::unit<std::ratio<1ll, 1ll>, units::base_unit<std::ratio<0ll, 1ll>, std::ratio<0ll, 1ll>, std::ratio<-1ll, 1ll>, std::ratio<0ll, 1ll>, std::ratio<0ll, 1ll>, std::ratio<0ll, 1ll>, std::ratio<0ll, 1ll>, std::ratio<0ll, 1ll>, std::ratio<0ll, 1ll> >, std::ratio<0ll, 1ll>, std::ratio<0ll, 1ll> >, std::ratio<0ll, 1ll>, std::ratio<0ll, 1ll> >, float, units::linear_scale> const&)
 .text._ZN5unitsplIiLi0EEENS_6unit_tINS_4unitISt5ratioILx1ELx1EENS_9base_unitIS3_ILx0ELx1EES6_S6_S6_S6_S6_S6_S6_S6_EES6_S6_EEfNS_12linear_scaleEEERKSA_T_
                0x0000000000003734       0x3c /home/peeradech/SJSU-Dev2/library/static_libraries/lpc40xx/liblpc40xx.a(startup.cpp.o)
                0x0000000000003734                units::unit_t<units::unit<std::ratio<1ll, 1ll>, units::base_unit<std::ratio<0ll, 1ll>, std::ratio<0ll, 1ll>, std::ratio<0ll, 1ll>, std::ratio<0ll, 1ll>, std::ratio<0ll, 1ll>, std::ratio<0ll, 1ll>, std::ratio<0ll, 1ll>, std::ratio<0ll, 1ll>, std::ratio<0ll, 1ll> >, std::ratio<0ll, 1ll>, std::ratio<0ll, 1ll> >, float, units::linear_scale> units::operator+<int, 0>(units::unit_t<units::unit<std::ratio<1ll, 1ll>, units::base_unit<std::ratio<0ll, 1ll>, std::ratio<0ll, 1ll>, std::ratio<0ll, 1ll>, std::ratio<0ll, 1ll>, std::ratio<0ll, 1ll>, std::ratio<0ll, 1ll>, std::ratio<0ll, 1ll>, std::ratio<0ll, 1ll>, std::ratio<0ll, 1ll> >, std::ratio<0ll, 1ll>, std::ratio<0ll, 1ll> >, float, units::linear_scale> const&, int)
 .text._ZNK5units6unit_tINS_4unitISt5ratioILx1000000ELx1EENS1_IS2_ILx1ELx1EENS_9base_unitIS2_ILx0ELx1EES6_S2_ILxn1ELx1EES6_S6_S6_S6_S6_S6_EES6_S6_EES6_S6_EEfNS_12linear_scaleEEcvT_ItLi0EEEv
                0x0000000000003770       0x26 /home/peeradech/SJSU-Dev2/library/static_libraries/lpc40xx/liblpc40xx.a(startup.cpp.o)
                0x0000000000003770                units::unit_t<units::unit<std::ratio<1000000ll, 1ll>, units::unit<std::ratio<1ll, 1ll>, units::base_unit<std::ratio<0ll, 1ll>, std::ratio<0ll, 1ll>, std::ratio<-1ll, 1ll>, std::ratio<0ll, 1ll>, std::ratio<0ll, 1ll>, std::ratio<0ll, 1ll>, std::ratio<0ll, 1ll>, std::ratio<0ll, 1ll>, std::ratio<0ll, 1ll> >, std::ratio<0ll, 1ll>, std::ratio<0ll, 1ll> >, std::ratio<0ll, 1ll>, std::ratio<0ll, 1ll> >, float, units::linear_scale>::operator unsigned short<unsigned short, 0>() const
 *fill*         0x0000000000003796        0x2 ff
 .text._ZNK4sjsu7lpc40xx16SystemController12CalculatePllEN5units6unit_tINS2_4unitISt5ratioILx1000000ELx1EENS4_IS5_ILx1ELx1EENS2_9base_unitIS5_ILx0ELx1EES9_S5_ILxn1ELx1EES9_S9_S9_S9_S9_S9_EES9_S9_EES9_S9_EEfNS2_12linear_scaleEEESF_
                0x0000000000003798      0x194 /home/peeradech/SJSU-Dev2/library/static_libraries/lpc40xx/liblpc40xx.a(startup.cpp.o)
                0x0000000000003798                sjsu::lpc40xx::SystemController::CalculatePll(units::unit_t<units::unit<std::ratio<1000000ll, 1ll>, units::unit<std::ratio<1ll, 1ll>, units::base_unit<std::ratio<0ll, 1ll>, std::ratio<0ll, 1ll>, std::ratio<-1ll, 1ll>, std::ratio<0ll, 1ll>, std::ratio<0ll, 1ll>, std::ratio<0ll, 1ll>, std::ratio<0ll, 1ll>, std::ratio<0ll, 1ll>, std::ratio<0ll, 1ll> >, std::ratio<0ll, 1ll>, std::ratio<0ll, 1ll> >, std::ratio<0ll, 1ll>, std::ratio<0ll, 1ll> >, float, units::linear_scale>, units::unit_t<units::unit<std::ratio<1000000ll, 1ll>, units::unit<std::ratio<1ll, 1ll>, units::base_unit<std::ratio<0ll, 1ll>, std::ratio<0ll, 1ll>, std::ratio<-1ll, 1ll>, std::ratio<0ll, 1ll>, std::ratio<0ll, 1ll>, std::ratio<0ll, 1ll>, std::ratio<0ll, 1ll>, std::ratio<0ll, 1ll>, std::ratio<0ll, 1ll> >, std::ratio<0ll, 1ll>, std::ratio<0ll, 1ll> >, std::ratio<0ll, 1ll>, std::ratio<0ll, 1ll> >, float, units::linear_scale>) const
 .text._ZNK4sjsu7lpc40xx16SystemController10SetMainPllEN5units6unit_tINS2_4unitISt5ratioILx1000000ELx1EENS4_IS5_ILx1ELx1EENS2_9base_unitIS5_ILx0ELx1EES9_S5_ILxn1ELx1EES9_S9_S9_S9_S9_S9_EES9_S9_EES9_S9_EEfNS2_12linear_scaleEEESF_
                0x000000000000392c       0xc8 /home/peeradech/SJSU-Dev2/library/static_libraries/lpc40xx/liblpc40xx.a(startup.cpp.o)
                0x000000000000392c                sjsu::lpc40xx::SystemController::SetMainPll(units::unit_t<units::unit<std::ratio<1000000ll, 1ll>, units::unit<std::ratio<1ll, 1ll>, units::base_unit<std::ratio<0ll, 1ll>, std::ratio<0ll, 1ll>, std::ratio<-1ll, 1ll>, std::ratio<0ll, 1ll>, std::ratio<0ll, 1ll>, std::ratio<0ll, 1ll>, std::ratio<0ll, 1ll>, std::ratio<0ll, 1ll>, std::ratio<0ll, 1ll> >, std::ratio<0ll, 1ll>, std::ratio<0ll, 1ll> >, std::ratio<0ll, 1ll>, std::ratio<0ll, 1ll> >, float, units::linear_scale>, units::unit_t<units::unit<std::ratio<1000000ll, 1ll>, units::unit<std::ratio<1ll, 1ll>, units::base_unit<std::ratio<0ll, 1ll>, std::ratio<0ll, 1ll>, std::ratio<-1ll, 1ll>, std::ratio<0ll, 1ll>, std::ratio<0ll, 1ll>, std::ratio<0ll, 1ll>, std::ratio<0ll, 1ll>, std::ratio<0ll, 1ll>, std::ratio<0ll, 1ll> >, std::ratio<0ll, 1ll>, std::ratio<0ll, 1ll> >, std::ratio<0ll, 1ll>, std::ratio<0ll, 1ll> >, float, units::linear_scale>) const
 .text._ZNK4sjsu7lpc40xx16SystemController18SetCpuClockDividerEh
                0x00000000000039f4       0x7c /home/peeradech/SJSU-Dev2/library/static_libraries/lpc40xx/liblpc40xx.a(startup.cpp.o)
                0x00000000000039f4                sjsu::lpc40xx::SystemController::SetCpuClockDivider(unsigned char) const
 .text._ZNK4sjsu7lpc40xx16SystemController18SetEmcClockDividerENS1_10EmcDividerE
                0x0000000000003a70       0x48 /home/peeradech/SJSU-Dev2/library/static_libraries/lpc40xx/liblpc40xx.a(startup.cpp.o)
                0x0000000000003a70                sjsu::lpc40xx::SystemController::SetEmcClockDivider(sjsu::lpc40xx::SystemController::EmcDivider) const
 .text._ZN4sjsu7lpc40xx23DefaultSystemControllerEv
                0x0000000000003ab8       0x14 /home/peeradech/SJSU-Dev2/library/static_libraries/lpc40xx/liblpc40xx.a(startup.cpp.o)
                0x0000000000003ab8                sjsu::lpc40xx::DefaultSystemController()
 .text._ZN4sjsu7lpc40xx4uart21FindClosestFractionalEf
                0x0000000000003acc       0xe0 /home/peeradech/SJSU-Dev2/library/static_libraries/lpc40xx/liblpc40xx.a(startup.cpp.o)
                0x0000000000003acc                sjsu::lpc40xx::uart::FindClosestFractional(float)
 .text._ZN4sjsu7lpc40xx4uart15DividerEstimateEffm
                0x0000000000003bac       0x4c /home/peeradech/SJSU-Dev2/library/static_libraries/lpc40xx/liblpc40xx.a(startup.cpp.o)
                0x0000000000003bac                sjsu::lpc40xx::uart::DividerEstimate(float, float, unsigned long)
 .text._ZN4sjsu7lpc40xx4uart18FractionalEstimateEffm
                0x0000000000003bf8       0x4c /home/peeradech/SJSU-Dev2/library/static_libraries/lpc40xx/liblpc40xx.a(startup.cpp.o)
                0x0000000000003bf8                sjsu::lpc40xx::uart::FractionalEstimate(float, float, unsigned long)
 .text._ZN4sjsu7lpc40xx4uart10RoundFloatEf
                0x0000000000003c44       0x2c /home/peeradech/SJSU-Dev2/library/static_libraries/lpc40xx/liblpc40xx.a(startup.cpp.o)
                0x0000000000003c44                sjsu::lpc40xx::uart::RoundFloat(float)
 .text._ZN4sjsu7lpc40xx4uart9IsDecmialEf
                0x0000000000003c70       0x64 /home/peeradech/SJSU-Dev2/library/static_libraries/lpc40xx/liblpc40xx.a(startup.cpp.o)
                0x0000000000003c70                sjsu::lpc40xx::uart::IsDecmial(float)
 .text._ZN4sjsu7lpc40xx4uartL23GenerateUartCalibrationEmN5units6unit_tINS2_4unitISt5ratioILx1ELx1EENS2_9base_unitIS5_ILx0ELx1EES8_S5_ILxn1ELx1EES8_S8_S8_S8_S8_S8_EES8_S8_EEfNS2_12linear_scaleEEE
                0x0000000000003cd4      0x1ec /home/peeradech/SJSU-Dev2/library/static_libraries/lpc40xx/liblpc40xx.a(startup.cpp.o)
 .text._ZN4sjsu4UartC2Ev
                0x0000000000003ec0       0x20 /home/peeradech/SJSU-Dev2/library/static_libraries/lpc40xx/liblpc40xx.a(startup.cpp.o)
                0x0000000000003ec0                sjsu::Uart::Uart()
                0x0000000000003ec0                sjsu::Uart::Uart()
 .text._ZN4sjsu7lpc40xx4UartC2ERKNS1_6Port_tERKNS_16SystemControllerE
                0x0000000000003ee0       0x34 /home/peeradech/SJSU-Dev2/library/static_libraries/lpc40xx/liblpc40xx.a(startup.cpp.o)
                0x0000000000003ee0                sjsu::lpc40xx::Uart::Uart(sjsu::lpc40xx::Uart::Port_t const&, sjsu::SystemController const&)
                0x0000000000003ee0                sjsu::lpc40xx::Uart::Uart(sjsu::lpc40xx::Uart::Port_t const&, sjsu::SystemController const&)
 .text._ZNK4sjsu7lpc40xx4Uart10InitializeEm
                0x0000000000003f14       0xc0 /home/peeradech/SJSU-Dev2/library/static_libraries/lpc40xx/liblpc40xx.a(startup.cpp.o)
                0x0000000000003f14                sjsu::lpc40xx::Uart::Initialize(unsigned long) const
 .text._ZNK4sjsu7lpc40xx4Uart11SetBaudRateEm
                0x0000000000003fd4       0x8c /home/peeradech/SJSU-Dev2/library/static_libraries/lpc40xx/liblpc40xx.a(startup.cpp.o)
                0x0000000000003fd4                sjsu::lpc40xx::Uart::SetBaudRate(unsigned long) const
 .text._ZNK4sjsu7lpc40xx4Uart5WriteEPKhj
                0x0000000000004060       0x4e /home/peeradech/SJSU-Dev2/library/static_libraries/lpc40xx/liblpc40xx.a(startup.cpp.o)
                0x0000000000004060                sjsu::lpc40xx::Uart::Write(unsigned char const*, unsigned int) const
 .text._ZZNK4sjsu7lpc40xx4Uart4ReadEPhjNSt6chrono8durationIxSt5ratioILx1ELx1000000EEEEENKUlvE_clEv
                0x00000000000040ae       0x56 /home/peeradech/SJSU-Dev2/library/static_libraries/lpc40xx/liblpc40xx.a(startup.cpp.o)
                0x00000000000040ae                sjsu::lpc40xx::Uart::Read(unsigned char*, unsigned int, std::chrono::duration<long long, std::ratio<1ll, 1000000ll> >) const::{lambda()#1}::operator()() const
 .text._ZNK4sjsu7lpc40xx4Uart4ReadEPhjNSt6chrono8durationIxSt5ratioILx1ELx1000000EEEE
                0x0000000000004104       0xd0 /home/peeradech/SJSU-Dev2/library/static_libraries/lpc40xx/liblpc40xx.a(startup.cpp.o)
                0x0000000000004104                sjsu::lpc40xx::Uart::Read(unsigned char*, unsigned int, std::chrono::duration<long long, std::ratio<1ll, 1000000ll> >) const
 .text._ZNK4sjsu7lpc40xx4Uart7HasDataEv
                0x00000000000041d4       0x24 /home/peeradech/SJSU-Dev2/library/static_libraries/lpc40xx/liblpc40xx.a(startup.cpp.o)
                0x00000000000041d4                sjsu::lpc40xx::Uart::HasData() const
 .text._ZNK4sjsu7lpc40xx4Uart20TransmissionCompleteEv
                0x00000000000041f8       0x24 /home/peeradech/SJSU-Dev2/library/static_libraries/lpc40xx/liblpc40xx.a(startup.cpp.o)
                0x00000000000041f8                sjsu::lpc40xx::Uart::TransmissionComplete() const
 .text._ZN12_GLOBAL__N_113Lpc40xxStdOutEPKcj
                0x000000000000421c       0x24 /home/peeradech/SJSU-Dev2/library/static_libraries/lpc40xx/liblpc40xx.a(startup.cpp.o)
 .text._ZNSt6chrono15duration_valuesIxE3maxEv
                0x0000000000004240       0x12 /home/peeradech/SJSU-Dev2/library/static_libraries/lpc40xx/liblpc40xx.a(startup.cpp.o)
                0x0000000000004240                std::chrono::duration_values<long long>::max()
 .text._ZNSt6chrono8durationIxSt5ratioILx1ELx1000000EEE3maxEv
                0x0000000000004252       0x28 /home/peeradech/SJSU-Dev2/library/static_libraries/lpc40xx/liblpc40xx.a(startup.cpp.o)
                0x0000000000004252                std::chrono::duration<long long, std::ratio<1ll, 1000000ll> >::max()
 *fill*         0x000000000000427a        0x2 ff
 .text._ZN12_GLOBAL__N_112Lpc40xxStdInEPcj
                0x000000000000427c       0x34 /home/peeradech/SJSU-Dev2/library/static_libraries/lpc40xx/liblpc40xx.a(startup.cpp.o)
 .text.ThreadRuntimeCounter
                0x00000000000042b0       0x14 /home/peeradech/SJSU-Dev2/library/static_libraries/lpc40xx/liblpc40xx.a(startup.cpp.o)
                0x00000000000042b0                ThreadRuntimeCounter
 .text._ZN4sjsu18InitializePlatformEv
                0x00000000000042c4       0xb8 /home/peeradech/SJSU-Dev2/library/static_libraries/lpc40xx/liblpc40xx.a(startup.cpp.o)
                0x00000000000042c4                sjsu::InitializePlatform()
 .text._ZNSt6chrono8durationIxSt5ratioILx1ELx1000000EEEppEi
                0x000000000000437c       0x36 /home/peeradech/SJSU-Dev2/library/static_libraries/lpc40xx/liblpc40xx.a(startup.cpp.o)
                0x000000000000437c                std::chrono::duration<long long, std::ratio<1ll, 1000000ll> >::operator++(int)
 .text._ZNSt6chronoeqIxSt5ratioILx1ELx1000000EExS2_EEbRKNS_8durationIT_T0_EERKNS3_IT1_T2_EE
                0x00000000000043b2       0x4e /home/peeradech/SJSU-Dev2/library/static_libraries/lpc40xx/liblpc40xx.a(startup.cpp.o)
                0x00000000000043b2                bool std::chrono::operator==<long long, std::ratio<1ll, 1000000ll>, long long, std::ratio<1ll, 1000000ll> >(std::chrono::duration<long long, std::ratio<1ll, 1000000ll> > const&, std::chrono::duration<long long, std::ratio<1ll, 1000000ll> > const&)
 .text._ZN5unitsdvINS_6unit_tINS_4unitISt5ratioILx1ELx1EENS_9base_unitIS3_ILx0ELx1EES6_S3_ILxn1ELx1EES6_S6_S6_S6_S6_S6_EES6_S6_EEfNS_12linear_scaleEEEmLi0EEET_RKSC_T0_
                0x0000000000004400       0x3c /home/peeradech/SJSU-Dev2/library/static_libraries/lpc40xx/liblpc40xx.a(startup.cpp.o)
                0x0000000000004400                units::unit_t<units::unit<std::ratio<1ll, 1ll>, units::base_unit<std::ratio<0ll, 1ll>, std::ratio<0ll, 1ll>, std::ratio<-1ll, 1ll>, std::ratio<0ll, 1ll>, std::ratio<0ll, 1ll>, std::ratio<0ll, 1ll>, std::ratio<0ll, 1ll>, std::ratio<0ll, 1ll>, std::ratio<0ll, 1ll> >, std::ratio<0ll, 1ll>, std::ratio<0ll, 1ll> >, float, units::linear_scale> units::operator/<units::unit_t<units::unit<std::ratio<1ll, 1ll>, units::base_unit<std::ratio<0ll, 1ll>, std::ratio<0ll, 1ll>, std::ratio<-1ll, 1ll>, std::ratio<0ll, 1ll>, std::ratio<0ll, 1ll>, std::ratio<0ll, 1ll>, std::ratio<0ll, 1ll>, std::ratio<0ll, 1ll>, std::ratio<0ll, 1ll> >, std::ratio<0ll, 1ll>, std::ratio<0ll, 1ll> >, float, units::linear_scale>, unsigned long, 0>(units::unit_t<units::unit<std::ratio<1ll, 1ll>, units::base_unit<std::ratio<0ll, 1ll>, std::ratio<0ll, 1ll>, std::ratio<-1ll, 1ll>, std::ratio<0ll, 1ll>, std::ratio<0ll, 1ll>, std::ratio<0ll, 1ll>, std::ratio<0ll, 1ll>, std::ratio<0ll, 1ll>, std::ratio<0ll, 1ll> >, std::ratio<0ll, 1ll>, std::ratio<0ll, 1ll> >, float, units::linear_scale> const&, unsigned long)
 .text._ZNSt6chrono8durationIxSt5ratioILx1ELx1000000EEEpLERKS3_
                0x000000000000443c       0x30 /home/peeradech/SJSU-Dev2/library/static_libraries/lpc40xx/liblpc40xx.a(startup.cpp.o)
                0x000000000000443c                std::chrono::duration<long long, std::ratio<1ll, 1000000ll> >::operator+=(std::chrono::duration<long long, std::ratio<1ll, 1000000ll> > const&)
 .text._ZNK5units6unit_tINS_4unitISt5ratioILx1ELx1EENS_9base_unitIS2_ILx0ELx1EES5_S5_S5_S5_S5_S5_S5_S5_EES5_S5_EEfNS_12linear_scaleEEcvT_ImLi0EEEv
                0x000000000000446c       0x36 /home/peeradech/SJSU-Dev2/library/static_libraries/lpc40xx/liblpc40xx.a(startup.cpp.o)
                0x000000000000446c                units::unit_t<units::unit<std::ratio<1ll, 1ll>, units::base_unit<std::ratio<0ll, 1ll>, std::ratio<0ll, 1ll>, std::ratio<0ll, 1ll>, std::ratio<0ll, 1ll>, std::ratio<0ll, 1ll>, std::ratio<0ll, 1ll>, std::ratio<0ll, 1ll>, std::ratio<0ll, 1ll>, std::ratio<0ll, 1ll> >, std::ratio<0ll, 1ll>, std::ratio<0ll, 1ll> >, float, units::linear_scale>::operator unsigned long<unsigned long, 0>() const
 .text._ZNK5units6unit_tINS_4unitISt5ratioILx1000000ELx1EENS1_IS2_ILx1ELx1EENS_9base_unitIS2_ILx0ELx1EES6_S2_ILxn1ELx1EES6_S6_S6_S6_S6_S6_EES6_S6_EES6_S6_EEfNS_12linear_scaleEEgtISA_fSB_EEbRKNS0_IT_T0_T1_EE
                0x00000000000044a2       0x3c /home/peeradech/SJSU-Dev2/library/static_libraries/lpc40xx/liblpc40xx.a(startup.cpp.o)
                0x00000000000044a2                bool units::unit_t<units::unit<std::ratio<1000000ll, 1ll>, units::unit<std::ratio<1ll, 1ll>, units::base_unit<std::ratio<0ll, 1ll>, std::ratio<0ll, 1ll>, std::ratio<-1ll, 1ll>, std::ratio<0ll, 1ll>, std::ratio<0ll, 1ll>, std::ratio<0ll, 1ll>, std::ratio<0ll, 1ll>, std::ratio<0ll, 1ll>, std::ratio<0ll, 1ll> >, std::ratio<0ll, 1ll>, std::ratio<0ll, 1ll> >, std::ratio<0ll, 1ll>, std::ratio<0ll, 1ll> >, float, units::linear_scale>::operator><units::unit<std::ratio<1000000ll, 1ll>, units::unit<std::ratio<1ll, 1ll>, units::base_unit<std::ratio<0ll, 1ll>, std::ratio<0ll, 1ll>, std::ratio<-1ll, 1ll>, std::ratio<0ll, 1ll>, std::ratio<0ll, 1ll>, std::ratio<0ll, 1ll>, std::ratio<0ll, 1ll>, std::ratio<0ll, 1ll>, std::ratio<0ll, 1ll> >, std::ratio<0ll, 1ll>, std::ratio<0ll, 1ll> >, std::ratio<0ll, 1ll>, std::ratio<0ll, 1ll> >, float, units::linear_scale>(units::unit_t<units::unit<std::ratio<1000000ll, 1ll>, units::unit<std::ratio<1ll, 1ll>, units::base_unit<std::ratio<0ll, 1ll>, std::ratio<0ll, 1ll>, std::ratio<-1ll, 1ll>, std::ratio<0ll, 1ll>, std::ratio<0ll, 1ll>, std::ratio<0ll, 1ll>, std::ratio<0ll, 1ll>, std::ratio<0ll, 1ll>, std::ratio<0ll, 1ll> >, std::ratio<0ll, 1ll>, std::ratio<0ll, 1ll> >, std::ratio<0ll, 1ll>, std::ratio<0ll, 1ll> >, float, units::linear_scale> const&) const
 .text._ZN5units6unit_tINS_4unitISt5ratioILx1ELx1EENS_9base_unitIS2_ILx0ELx1EES5_S2_ILxn1ELx1EES5_S5_S5_S5_S5_S5_EES5_S5_EEfNS_12linear_scaleEEaSINS1_IS2_ILx1000000ELx1EES8_S5_S5_EEfS9_EERSA_RKNS0_IT_T0_T1_EE
                0x00000000000044de       0x26 /home/peeradech/SJSU-Dev2/library/static_libraries/lpc40xx/liblpc40xx.a(startup.cpp.o)
                0x00000000000044de                units::unit_t<units::unit<std::ratio<1ll, 1ll>, units::base_unit<std::ratio<0ll, 1ll>, std::ratio<0ll, 1ll>, std::ratio<-1ll, 1ll>, std::ratio<0ll, 1ll>, std::ratio<0ll, 1ll>, std::ratio<0ll, 1ll>, std::ratio<0ll, 1ll>, std::ratio<0ll, 1ll>, std::ratio<0ll, 1ll> >, std::ratio<0ll, 1ll>, std::ratio<0ll, 1ll> >, float, units::linear_scale>& units::unit_t<units::unit<std::ratio<1ll, 1ll>, units::base_unit<std::ratio<0ll, 1ll>, std::ratio<0ll, 1ll>, std::ratio<-1ll, 1ll>, std::ratio<0ll, 1ll>, std::ratio<0ll, 1ll>, std::ratio<0ll, 1ll>, std::ratio<0ll, 1ll>, std::ratio<0ll, 1ll>, std::ratio<0ll, 1ll> >, std::ratio<0ll, 1ll>, std::ratio<0ll, 1ll> >, float, units::linear_scale>::operator=<units::unit<std::ratio<1000000ll, 1ll>, units::unit<std::ratio<1ll, 1ll>, units::base_unit<std::ratio<0ll, 1ll>, std::ratio<0ll, 1ll>, std::ratio<-1ll, 1ll>, std::ratio<0ll, 1ll>, std::ratio<0ll, 1ll>, std::ratio<0ll, 1ll>, std::ratio<0ll, 1ll>, std::ratio<0ll, 1ll>, std::ratio<0ll, 1ll> >, std::ratio<0ll, 1ll>, std::ratio<0ll, 1ll> >, std::ratio<0ll, 1ll>, std::ratio<0ll, 1ll> >, float, units::linear_scale>(units::unit_t<units::unit<std::ratio<1000000ll, 1ll>, units::unit<std::ratio<1ll, 1ll>, units::base_unit<std::ratio<0ll, 1ll>, std::ratio<0ll, 1ll>, std::ratio<-1ll, 1ll>, std::ratio<0ll, 1ll>, std::ratio<0ll, 1ll>, std::ratio<0ll, 1ll>, std::ratio<0ll, 1ll>, std::ratio<0ll, 1ll>, std::ratio<0ll, 1ll> >, std::ratio<0ll, 1ll>, std::ratio<0ll, 1ll> >, std::ratio<0ll, 1ll>, std::ratio<0ll, 1ll> >, float, units::linear_scale> const&)
 .text._ZN4sjsu3bit6InsertImmEET_S2_T0_NS0_4MaskE
                0x0000000000004504       0x24 /home/peeradech/SJSU-Dev2/library/static_libraries/lpc40xx/liblpc40xx.a(startup.cpp.o)
                0x0000000000004504                unsigned long sjsu::bit::Insert<unsigned long, unsigned long>(unsigned long, unsigned long, sjsu::bit::Mask)
 .text._ZN4sjsu3bit4ReadIhEEbT_m
                0x0000000000004528       0x2e /home/peeradech/SJSU-Dev2/library/static_libraries/lpc40xx/liblpc40xx.a(startup.cpp.o)
                0x0000000000004528                bool sjsu::bit::Read<unsigned char>(unsigned char, unsigned long)
 .text._ZNSt6chronoplIxSt5ratioILx1ELx1000000EExS2_EENSt11common_typeIJNS_8durationIT_T0_EENS4_IT1_T2_EEEE4typeERKS7_RKSA_
                0x0000000000004556       0x5a /home/peeradech/SJSU-Dev2/library/static_libraries/lpc40xx/liblpc40xx.a(startup.cpp.o)
                0x0000000000004556                std::common_type<std::chrono::duration<long long, std::ratio<1ll, 1000000ll> >, std::chrono::duration<long long, std::ratio<1ll, 1000000ll> > >::type std::chrono::operator+<long long, std::ratio<1ll, 1000000ll>, long long, std::ratio<1ll, 1000000ll> >(std::chrono::duration<long long, std::ratio<1ll, 1000000ll> > const&, std::chrono::duration<long long, std::ratio<1ll, 1000000ll> > const&)
 .text._ZNSt6chronoltIxSt5ratioILx1ELx1000000EExS2_EEbRKNS_8durationIT_T0_EERKNS3_IT1_T2_EE
                0x00000000000045b0       0x50 /home/peeradech/SJSU-Dev2/library/static_libraries/lpc40xx/liblpc40xx.a(startup.cpp.o)
                0x00000000000045b0                bool std::chrono::operator< <long long, std::ratio<1ll, 1000000ll>, long long, std::ratio<1ll, 1000000ll> >(std::chrono::duration<long long, std::ratio<1ll, 1000000ll> > const&, std::chrono::duration<long long, std::ratio<1ll, 1000000ll> > const&)
 .text._ZN5unitsL7convertINS_4unitISt5ratioILx1ELx1EENS_9base_unitIS2_ILx0ELx1EES5_S5_S5_S5_S5_S5_S5_S5_EES5_S5_EES7_fEET1_RKS8_
                0x0000000000004600       0x1c /home/peeradech/SJSU-Dev2/library/static_libraries/lpc40xx/liblpc40xx.a(startup.cpp.o)
 .text._ZN4sjsu3bit6InsertImmEET_S2_T0_mm
                0x000000000000461c       0x58 /home/peeradech/SJSU-Dev2/library/static_libraries/lpc40xx/liblpc40xx.a(startup.cpp.o)
                0x000000000000461c                unsigned long sjsu::bit::Insert<unsigned long, unsigned long>(unsigned long, unsigned long, unsigned long, unsigned long)
 .text._ZN5units6detailL7convertINS_4unitISt5ratioILx1ELx1EENS_9base_unitIS3_ILx0ELx1EES6_S6_S6_S6_S6_S6_S6_S6_EES6_S6_EES8_S4_S6_S6_fEET4_RKS9_St17integral_constantIbLb1EESC_IbLb0EESE_
                0x0000000000004674       0x24 /home/peeradech/SJSU-Dev2/library/static_libraries/lpc40xx/liblpc40xx.a(startup.cpp.o)
 .text._Z41__static_initialization_and_destruction_0ii
                0x0000000000004698      0x128 /home/peeradech/SJSU-Dev2/library/static_libraries/lpc40xx/liblpc40xx.a(startup.cpp.o)
 .text._GLOBAL__sub_I_ThreadRuntimeCounter
                0x00000000000047c0       0x10 /home/peeradech/SJSU-Dev2/library/static_libraries/lpc40xx/liblpc40xx.a(startup.cpp.o)
 .text.vPortSVCHandler
                0x00000000000047d0       0x28 /home/peeradech/SJSU-Dev2/library/static_libraries/lpc40xx/liblpc40xx.a(port.c.o)
                0x00000000000047d0                vPortSVCHandler
 *fill*         0x00000000000047f8        0x8 ff
 .text.xPortPendSVHandler
                0x0000000000004800       0x68 /home/peeradech/SJSU-Dev2/library/static_libraries/lpc40xx/liblpc40xx.a(port.c.o)
                0x0000000000004800                xPortPendSVHandler
 .text._ZN4sjsu6newlib15DoNothingStdOutEPKcj
                0x0000000000004868       0x18 /home/peeradech/SJSU-Dev2/library/static_libraries/lpc40xx/libnewlib.a(stdio.cpp.o)
                0x0000000000004868                sjsu::newlib::DoNothingStdOut(char const*, unsigned int)
 .text._ZN4sjsu6newlib14DoNothingStdInEPcj
                0x0000000000004880       0x18 /home/peeradech/SJSU-Dev2/library/static_libraries/lpc40xx/libnewlib.a(stdio.cpp.o)
                0x0000000000004880                sjsu::newlib::DoNothingStdIn(char*, unsigned int)
 .text._ZN4sjsu6newlib9SetStdoutEPFiPKcjE
                0x0000000000004898       0x20 /home/peeradech/SJSU-Dev2/library/static_libraries/lpc40xx/libnewlib.a(stdio.cpp.o)
                0x0000000000004898                sjsu::newlib::SetStdout(int (*)(char const*, unsigned int))
 .text._ZN4sjsu6newlib8SetStdinEPFiPcjE
                0x00000000000048b8       0x20 /home/peeradech/SJSU-Dev2/library/static_libraries/lpc40xx/libnewlib.a(stdio.cpp.o)
                0x00000000000048b8                sjsu::newlib::SetStdin(int (*)(char*, unsigned int))
 .text._putchar
                0x00000000000048d8       0x24 /home/peeradech/SJSU-Dev2/library/static_libraries/lpc40xx/libnewlib.a(stdio.cpp.o)
                0x00000000000048d8                _putchar
 .text.__cxa_pure_virtual
                0x00000000000048fc        0x6 /home/peeradech/SJSU-Dev2/tools/gcc-arm-none-eabi-7-2017-q4-major/bin/../lib/gcc/arm-none-eabi/7.2.1/../../../../arm-none-eabi/lib/thumb/v7e-m/fpv4-sp/hard/libstdc++_nano.a(pure.o)
                0x00000000000048fc                __cxa_pure_virtual
 .text._ZN10__cxxabiv111__terminateEPFvvE
                0x0000000000004902        0x8 /home/peeradech/SJSU-Dev2/tools/gcc-arm-none-eabi-7-2017-q4-major/bin/../lib/gcc/arm-none-eabi/7.2.1/../../../../arm-none-eabi/lib/thumb/v7e-m/fpv4-sp/hard/libstdc++_nano.a(eh_terminate.o)
                0x0000000000004902                __cxxabiv1::__terminate(void (*)())
 *fill*         0x000000000000490a        0x2 ff
 .text._ZSt13get_terminatev
                0x000000000000490c       0x10 /home/peeradech/SJSU-Dev2/tools/gcc-arm-none-eabi-7-2017-q4-major/bin/../lib/gcc/arm-none-eabi/7.2.1/../../../../arm-none-eabi/lib/thumb/v7e-m/fpv4-sp/hard/libstdc++_nano.a(eh_terminate.o)
                0x000000000000490c                std::get_terminate()
 .text._ZSt9terminatev
                0x000000000000491c        0xa /home/peeradech/SJSU-Dev2/tools/gcc-arm-none-eabi-7-2017-q4-major/bin/../lib/gcc/arm-none-eabi/7.2.1/../../../../arm-none-eabi/lib/thumb/v7e-m/fpv4-sp/hard/libstdc++_nano.a(eh_terminate.o)
                0x000000000000491c                std::terminate()
 *fill*         0x0000000000004926        0x2 ff
 .text          0x0000000000004928       0xa0 /home/peeradech/SJSU-Dev2/tools/gcc-arm-none-eabi-7-2017-q4-major/bin/../lib/gcc/arm-none-eabi/7.2.1/thumb/v7e-m/fpv4-sp/hard/libgcc.a(_arm_truncdfsf2.o)
                0x0000000000004928                __aeabi_d2f
                0x0000000000004928                __truncdfsf2
 .text          0x00000000000049c8      0x21c /home/peeradech/SJSU-Dev2/tools/gcc-arm-none-eabi-7-2017-q4-major/bin/../lib/gcc/arm-none-eabi/7.2.1/thumb/v7e-m/fpv4-sp/hard/libgcc.a(_arm_addsubsf3.o)
                0x00000000000049c8                __aeabi_frsub
                0x00000000000049d0                __subsf3
                0x00000000000049d0                __aeabi_fsub
                0x00000000000049d4                __aeabi_fadd
                0x00000000000049d4                __addsf3
                0x0000000000004b34                __aeabi_ui2f
                0x0000000000004b34                __floatunsisf
                0x0000000000004b3c                __aeabi_i2f
                0x0000000000004b3c                __floatsisf
                0x0000000000004b58                __floatundisf
                0x0000000000004b58                __aeabi_ul2f
                0x0000000000004b68                __floatdisf
                0x0000000000004b68                __aeabi_l2f
 .text          0x0000000000004be4       0x30 /home/peeradech/SJSU-Dev2/tools/gcc-arm-none-eabi-7-2017-q4-major/bin/../lib/gcc/arm-none-eabi/7.2.1/thumb/v7e-m/fpv4-sp/hard/libgcc.a(_aeabi_uldivmod.o)
                0x0000000000004be4                __aeabi_uldivmod
 .text          0x0000000000004c14      0x2cc /home/peeradech/SJSU-Dev2/tools/gcc-arm-none-eabi-7-2017-q4-major/bin/../lib/gcc/arm-none-eabi/7.2.1/thumb/v7e-m/fpv4-sp/hard/libgcc.a(_udivmoddi4.o)
                0x0000000000004c14                __udivmoddi4
 .text          0x0000000000004ee0      0x9ec /home/peeradech/SJSU-Dev2/tools/gcc-arm-none-eabi-7-2017-q4-major/bin/../lib/gcc/arm-none-eabi/7.2.1/thumb/v7e-m/fpv4-sp/hard/libgcc.a(unwind-arm.o)
                0x0000000000005194                _Unwind_GetCFA
                0x0000000000005198                __gnu_Unwind_RaiseException
                0x00000000000051f8                __gnu_Unwind_ForcedUnwind
                0x000000000000520c                __gnu_Unwind_Resume
                0x0000000000005250                __gnu_Unwind_Resume_or_Rethrow
                0x0000000000005260                _Unwind_Complete
                0x0000000000005264                _Unwind_DeleteException
                0x0000000000005270                _Unwind_VRS_Get
                0x00000000000052b4                _Unwind_VRS_Set
                0x00000000000052fc                __gnu_Unwind_Backtrace
                0x0000000000005640                __aeabi_unwind_cpp_pr0
                0x0000000000005644                __aeabi_unwind_cpp_pr1
                0x0000000000005648                __aeabi_unwind_cpp_pr2
                0x000000000000564c                _Unwind_VRS_Pop
 .text          0x00000000000058cc      0x1ac /home/peeradech/SJSU-Dev2/tools/gcc-arm-none-eabi-7-2017-q4-major/bin/../lib/gcc/arm-none-eabi/7.2.1/thumb/v7e-m/fpv4-sp/hard/libgcc.a(libunwind.o)
                0x00000000000058cc                __restore_core_regs
                0x00000000000058cc                restore_core_regs
                0x00000000000058e4                __gnu_Unwind_Restore_VFP
                0x00000000000058ec                __gnu_Unwind_Save_VFP
                0x00000000000058f4                __gnu_Unwind_Restore_VFP_D
                0x00000000000058fc                __gnu_Unwind_Save_VFP_D
                0x0000000000005904                __gnu_Unwind_Restore_VFP_D_16_to_31
                0x000000000000590c                __gnu_Unwind_Save_VFP_D_16_to_31
                0x0000000000005914                __gnu_Unwind_Restore_WMMXD
                0x0000000000005958                __gnu_Unwind_Save_WMMXD
                0x000000000000599c                __gnu_Unwind_Restore_WMMXC
                0x00000000000059b0                __gnu_Unwind_Save_WMMXC
                0x00000000000059c4                ___Unwind_RaiseException
                0x00000000000059c4                _Unwind_RaiseException
                0x00000000000059e8                ___Unwind_Resume
                0x00000000000059e8                _Unwind_Resume
                0x0000000000005a0c                _Unwind_Resume_or_Rethrow
                0x0000000000005a0c                ___Unwind_Resume_or_Rethrow
                0x0000000000005a30                ___Unwind_ForcedUnwind
                0x0000000000005a30                _Unwind_ForcedUnwind
                0x0000000000005a54                _Unwind_Backtrace
                0x0000000000005a54                ___Unwind_Backtrace
 .text          0x0000000000005a78      0x374 /home/peeradech/SJSU-Dev2/tools/gcc-arm-none-eabi-7-2017-q4-major/bin/../lib/gcc/arm-none-eabi/7.2.1/thumb/v7e-m/fpv4-sp/hard/libgcc.a(pr-support.o)
                0x0000000000005ad0                __gnu_unwind_execute
                0x0000000000005d94                __gnu_unwind_frame
                0x0000000000005dbc                _Unwind_GetRegionStart
                0x0000000000005dc8                _Unwind_GetLanguageSpecificData
                0x0000000000005ddc                _Unwind_GetDataRelBase
                0x0000000000005de4                _Unwind_GetTextRelBase
 .text          0x0000000000005dec        0x4 /home/peeradech/SJSU-Dev2/tools/gcc-arm-none-eabi-7-2017-q4-major/bin/../lib/gcc/arm-none-eabi/7.2.1/thumb/v7e-m/fpv4-sp/hard/libgcc.a(_dvmd_tls.o)
                0x0000000000005dec                __aeabi_ldiv0
                0x0000000000005dec                __aeabi_idiv0
 .text.abort    0x0000000000005df0        0xe /home/peeradech/SJSU-Dev2/tools/gcc-arm-none-eabi-7-2017-q4-major/bin/../lib/gcc/arm-none-eabi/7.2.1/../../../../arm-none-eabi/lib/thumb/v7e-m/fpv4-sp/hard/libg_nano.a(lib_a-abort.o)
                0x0000000000005df0                abort
 *fill*         0x0000000000005dfe        0x2 ff
 .text.__libc_init_array
                0x0000000000005e00       0x48 /home/peeradech/SJSU-Dev2/tools/gcc-arm-none-eabi-7-2017-q4-major/bin/../lib/gcc/arm-none-eabi/7.2.1/../../../../arm-none-eabi/lib/thumb/v7e-m/fpv4-sp/hard/libg_nano.a(lib_a-init.o)
                0x0000000000005e00                __libc_init_array
 .text.memcpy   0x0000000000005e48       0x16 /home/peeradech/SJSU-Dev2/tools/gcc-arm-none-eabi-7-2017-q4-major/bin/../lib/gcc/arm-none-eabi/7.2.1/../../../../arm-none-eabi/lib/thumb/v7e-m/fpv4-sp/hard/libg_nano.a(lib_a-memcpy-stub.o)
                0x0000000000005e48                memcpy
 .text.memset   0x0000000000005e5e       0x10 /home/peeradech/SJSU-Dev2/tools/gcc-arm-none-eabi-7-2017-q4-major/bin/../lib/gcc/arm-none-eabi/7.2.1/../../../../arm-none-eabi/lib/thumb/v7e-m/fpv4-sp/hard/libg_nano.a(lib_a-memset.o)
                0x0000000000005e5e                memset
 .text._raise_r
                0x0000000000005e6e       0x50 /home/peeradech/SJSU-Dev2/tools/gcc-arm-none-eabi-7-2017-q4-major/bin/../lib/gcc/arm-none-eabi/7.2.1/../../../../arm-none-eabi/lib/thumb/v7e-m/fpv4-sp/hard/libg_nano.a(lib_a-signal.o)
                0x0000000000005e6e                _raise_r
 *fill*         0x0000000000005ebe        0x2 ff
 .text.raise    0x0000000000005ec0       0x10 /home/peeradech/SJSU-Dev2/tools/gcc-arm-none-eabi-7-2017-q4-major/bin/../lib/gcc/arm-none-eabi/7.2.1/../../../../arm-none-eabi/lib/thumb/v7e-m/fpv4-sp/hard/libg_nano.a(lib_a-signal.o)
                0x0000000000005ec0                raise
 .text._kill_r  0x0000000000005ed0       0x24 /home/peeradech/SJSU-Dev2/tools/gcc-arm-none-eabi-7-2017-q4-major/bin/../lib/gcc/arm-none-eabi/7.2.1/../../../../arm-none-eabi/lib/thumb/v7e-m/fpv4-sp/hard/libg_nano.a(lib_a-signalr.o)
                0x0000000000005ed0                _kill_r
 .text._getpid_r
                0x0000000000005ef4        0x4 /home/peeradech/SJSU-Dev2/tools/gcc-arm-none-eabi-7-2017-q4-major/bin/../lib/gcc/arm-none-eabi/7.2.1/../../../../arm-none-eabi/lib/thumb/v7e-m/fpv4-sp/hard/libg_nano.a(lib_a-signalr.o)
                0x0000000000005ef4                _getpid_r
 .text          0x0000000000005ef8       0x10 /home/peeradech/SJSU-Dev2/tools/gcc-arm-none-eabi-7-2017-q4-major/bin/../lib/gcc/arm-none-eabi/7.2.1/../../../../arm-none-eabi/lib/thumb/v7e-m/fpv4-sp/hard/libg_nano.a(lib_a-strlen.o)
                0x0000000000005ef8                strlen
 *(.rodata .rodata.* .constdata .constdata.*)
 .rodata._ZN4sjsu7lpc40xx3Pin9kFunctionE
                0x0000000000005f08        0x2 build/application/lpc40xx/compiled/source/main.cpp.o
                0x0000000000005f08                sjsu::lpc40xx::Pin::kFunction
 *fill*         0x0000000000005f0a        0x2 ff
 .rodata._ZN4sjsu7lpc40xx3Pin9kResistorE
                0x0000000000005f0c        0x2 build/application/lpc40xx/compiled/source/main.cpp.o
                0x0000000000005f0c                sjsu::lpc40xx::Pin::kResistor
 *fill*         0x0000000000005f0e        0x2 ff
 .rodata._ZN4sjsu7lpc40xx3Pin18kAnalogDigitalModeE
                0x0000000000005f10        0x2 build/application/lpc40xx/compiled/source/main.cpp.o
                0x0000000000005f10                sjsu::lpc40xx::Pin::kAnalogDigitalMode
 *fill*         0x0000000000005f12        0x2 ff
 .rodata._ZN4sjsu7lpc40xx3Pin10kOpenDrainE
                0x0000000000005f14        0x2 build/application/lpc40xx/compiled/source/main.cpp.o
                0x0000000000005f14                sjsu::lpc40xx::Pin::kOpenDrain
 *fill*         0x0000000000005f16        0x2 ff
 .rodata._ZZN4sjsu6cortex19InterruptController28UnregisteredInterruptHandlerEvE4file
                0x0000000000005f18        0xe build/application/lpc40xx/compiled/source/main.cpp.o
                0x0000000000005f18                sjsu::cortex::InterruptController::UnregisteredInterruptHandler()::file
 *fill*         0x0000000000005f26        0x2 ff
 .rodata        0x0000000000005f28      0x32b build/application/lpc40xx/compiled/source/main.cpp.o
 *fill*         0x0000000000006253        0x1 ff
 .rodata._ZN4sjsu7lpc40xx4Gpio20kInterruptControllerE
                0x0000000000006254        0x4 build/application/lpc40xx/compiled/source/main.cpp.o
                0x0000000000006254                sjsu::lpc40xx::Gpio::kInterruptController
 .rodata._ZZNK4sjsu7lpc40xx4Gpio14ValidPortCheckEvE4file
                0x0000000000006258        0x9 build/application/lpc40xx/compiled/source/main.cpp.o
                0x0000000000006258                sjsu::lpc40xx::Gpio::ValidPortCheck() const::file
 *fill*         0x0000000000006261        0x3 ff
 .rodata._ZZNK4sjsu7lpc40xx4Gpio16SetInterruptEdgeENS_4Gpio4EdgeEE4file